Archive member included to satisfy reference by file (symbol)

D:/STM/stm3/STM32CubeCLT_1.16.0/GNU-tools-for-STM32/bin/../lib/gcc/arm-none-eabi/12.3.1/thumb/v7e-m/nofp\libgcc.a(_arm_mulsf3.o)
                              CMakeFiles/can_try.elf.dir/User/control.cpp.obj (__aeabi_fmul)
D:/STM/stm3/STM32CubeCLT_1.16.0/GNU-tools-for-STM32/bin/../lib/gcc/arm-none-eabi/12.3.1/thumb/v7e-m/nofp\libgcc.a(_arm_addsubsf3.o)
                              CMakeFiles/can_try.elf.dir/User/control.cpp.obj (__aeabi_fadd)
D:/STM/stm3/STM32CubeCLT_1.16.0/GNU-tools-for-STM32/bin/../lib/gcc/arm-none-eabi/12.3.1/thumb/v7e-m/nofp\libgcc.a(_aeabi_uldivmod.o)
                              CMakeFiles/can_try.elf.dir/Drivers/STM32F4xx_HAL_Driver/Src/stm32f4xx_hal_rcc.c.obj (__aeabi_uldivmod)
D:/STM/stm3/STM32CubeCLT_1.16.0/GNU-tools-for-STM32/bin/../lib/gcc/arm-none-eabi/12.3.1/thumb/v7e-m/nofp\libgcc.a(_udivmoddi4.o)
                              D:/STM/stm3/STM32CubeCLT_1.16.0/GNU-tools-for-STM32/bin/../lib/gcc/arm-none-eabi/12.3.1/thumb/v7e-m/nofp\libgcc.a(_aeabi_uldivmod.o) (__udivmoddi4)
D:/STM/stm3/STM32CubeCLT_1.16.0/GNU-tools-for-STM32/bin/../lib/gcc/arm-none-eabi/12.3.1/thumb/v7e-m/nofp\libgcc.a(unwind-arm.o)
                              CMakeFiles/can_try.elf.dir/User/control.cpp.obj (__aeabi_unwind_cpp_pr0)
D:/STM/stm3/STM32CubeCLT_1.16.0/GNU-tools-for-STM32/bin/../lib/gcc/arm-none-eabi/12.3.1/thumb/v7e-m/nofp\libgcc.a(libunwind.o)
                              D:/STM/stm3/STM32CubeCLT_1.16.0/GNU-tools-for-STM32/bin/../lib/gcc/arm-none-eabi/12.3.1/thumb/v7e-m/nofp\libgcc.a(unwind-arm.o) (restore_core_regs)
D:/STM/stm3/STM32CubeCLT_1.16.0/GNU-tools-for-STM32/bin/../lib/gcc/arm-none-eabi/12.3.1/thumb/v7e-m/nofp\libgcc.a(pr-support.o)
                              D:/STM/stm3/STM32CubeCLT_1.16.0/GNU-tools-for-STM32/bin/../lib/gcc/arm-none-eabi/12.3.1/thumb/v7e-m/nofp\libgcc.a(unwind-arm.o) (__gnu_unwind_execute)
D:/STM/stm3/STM32CubeCLT_1.16.0/GNU-tools-for-STM32/bin/../lib/gcc/arm-none-eabi/12.3.1/thumb/v7e-m/nofp\libgcc.a(_dvmd_tls.o)
                              D:/STM/stm3/STM32CubeCLT_1.16.0/GNU-tools-for-STM32/bin/../lib/gcc/arm-none-eabi/12.3.1/thumb/v7e-m/nofp\libgcc.a(_aeabi_uldivmod.o) (__aeabi_ldiv0)
D:/STM/stm3/STM32CubeCLT_1.16.0/GNU-tools-for-STM32/bin/../lib/gcc/arm-none-eabi/12.3.1/../../../../arm-none-eabi/lib/thumb/v7e-m/nofp\libg.a(libc_a-abort.o)
                              D:/STM/stm3/STM32CubeCLT_1.16.0/GNU-tools-for-STM32/bin/../lib/gcc/arm-none-eabi/12.3.1/thumb/v7e-m/nofp\libgcc.a(unwind-arm.o) (abort)
D:/STM/stm3/STM32CubeCLT_1.16.0/GNU-tools-for-STM32/bin/../lib/gcc/arm-none-eabi/12.3.1/../../../../arm-none-eabi/lib/thumb/v7e-m/nofp\libg.a(libc_a-exit.o)
                              D:/STM/stm3/STM32CubeCLT_1.16.0/GNU-tools-for-STM32/bin/../lib/gcc/arm-none-eabi/12.3.1/../../../../arm-none-eabi/lib/thumb/v7e-m/nofp/crt0.o (exit)
D:/STM/stm3/STM32CubeCLT_1.16.0/GNU-tools-for-STM32/bin/../lib/gcc/arm-none-eabi/12.3.1/../../../../arm-none-eabi/lib/thumb/v7e-m/nofp\libg.a(libc_a-findfp.o)
                              D:/STM/stm3/STM32CubeCLT_1.16.0/GNU-tools-for-STM32/bin/../lib/gcc/arm-none-eabi/12.3.1/../../../../arm-none-eabi/lib/thumb/v7e-m/nofp\libg.a(libc_a-exit.o) (__stdio_exit_handler)
D:/STM/stm3/STM32CubeCLT_1.16.0/GNU-tools-for-STM32/bin/../lib/gcc/arm-none-eabi/12.3.1/../../../../arm-none-eabi/lib/thumb/v7e-m/nofp\libg.a(libc_a-fwalk.o)
                              D:/STM/stm3/STM32CubeCLT_1.16.0/GNU-tools-for-STM32/bin/../lib/gcc/arm-none-eabi/12.3.1/../../../../arm-none-eabi/lib/thumb/v7e-m/nofp\libg.a(libc_a-findfp.o) (_fwalk_sglue)
D:/STM/stm3/STM32CubeCLT_1.16.0/GNU-tools-for-STM32/bin/../lib/gcc/arm-none-eabi/12.3.1/../../../../arm-none-eabi/lib/thumb/v7e-m/nofp\libg.a(libc_a-stdio.o)
                              D:/STM/stm3/STM32CubeCLT_1.16.0/GNU-tools-for-STM32/bin/../lib/gcc/arm-none-eabi/12.3.1/../../../../arm-none-eabi/lib/thumb/v7e-m/nofp\libg.a(libc_a-findfp.o) (__sread)
D:/STM/stm3/STM32CubeCLT_1.16.0/GNU-tools-for-STM32/bin/../lib/gcc/arm-none-eabi/12.3.1/../../../../arm-none-eabi/lib/thumb/v7e-m/nofp\libg.a(libc_a-memset.o)
                              D:/STM/stm3/STM32CubeCLT_1.16.0/GNU-tools-for-STM32/bin/../lib/gcc/arm-none-eabi/12.3.1/../../../../arm-none-eabi/lib/thumb/v7e-m/nofp/crt0.o (memset)
D:/STM/stm3/STM32CubeCLT_1.16.0/GNU-tools-for-STM32/bin/../lib/gcc/arm-none-eabi/12.3.1/../../../../arm-none-eabi/lib/thumb/v7e-m/nofp\libg.a(libc_a-signal.o)
                              D:/STM/stm3/STM32CubeCLT_1.16.0/GNU-tools-for-STM32/bin/../lib/gcc/arm-none-eabi/12.3.1/../../../../arm-none-eabi/lib/thumb/v7e-m/nofp\libg.a(libc_a-abort.o) (raise)
D:/STM/stm3/STM32CubeCLT_1.16.0/GNU-tools-for-STM32/bin/../lib/gcc/arm-none-eabi/12.3.1/../../../../arm-none-eabi/lib/thumb/v7e-m/nofp\libg.a(libc_a-closer.o)
[...]
Memory Configuration

Name             Origin             Length             Attributes
CCMRAM           0x10000000         0x00010000         xrw
RAM              0x20000000         0x00030000         xrw
FLASH            0x08000000         0x00200000         xr
*default*        0x00000000         0xffffffff

Linker script and memory map

LOAD D:/STM/stm3/STM32CubeCLT_1.16.0/GNU-tools-for-STM32/bin/../lib/gcc/arm-none-eabi/12.3.1/thumb/v7e-m/nofp/crti.o
LOAD D:/STM/stm3/STM32CubeCLT_1.16.0/GNU-tools-for-STM32/bin/../lib/gcc/arm-none-eabi/12.3.1/thumb/v7e-m/nofp/crtbegin.o
LOAD D:/STM/stm3/STM32CubeCLT_1.16.0/GNU-tools-for-STM32/bin/../lib/gcc/arm-none-eabi/12.3.1/../../../../arm-none-eabi/lib/thumb/v7e-m/nofp/crt0.o
LOAD CMakeFiles/can_try.elf.dir/Core/Src/can.c.obj
LOAD CMakeFiles/can_try.elf.dir/Core/Src/gpio.c.obj
LOAD CMakeFiles/can_try.elf.dir/Core/Src/main.c.obj
LOAD CMakeFiles/can_try.elf.dir/Core/Src/stm32f4xx_hal_msp.c.obj
LOAD CMakeFiles/can_try.elf.dir/Core/Src/stm32f4xx_it.c.obj
LOAD CMakeFiles/can_try.elf.dir/Core/Src/syscalls.c.obj
LOAD CMakeFiles/can_try.elf.dir/Core/Src/sysmem.c.obj
LOAD CMakeFiles/can_try.elf.dir/Core/Src/system_stm32f4xx.c.obj
LOAD CMakeFiles/can_try.elf.dir/Core/Src/tim.c.obj
LOAD CMakeFiles/can_try.elf.dir/Core/Startup/startup_stm32f427iihx.s.obj
LOAD CMakeFiles/can_try.elf.dir/Drivers/STM32F4xx_HAL_Driver/Src/stm32f4xx_hal.c.obj
LOAD CMakeFiles/can_try.elf.dir/Drivers/STM32F4xx_HAL_Driver/Src/stm32f4xx_hal_can.c.obj
LOAD CMakeFiles/can_try.elf.dir/Drivers/STM32F4xx_HAL_Driver/Src/stm32f4xx_hal_cortex.c.obj
LOAD CMakeFiles/can_try.elf.dir/Drivers/STM32F4xx_HAL_Driver/Src/stm32f4xx_hal_dma.c.obj
LOAD CMakeFiles/can_try.elf.dir/Drivers/STM32F4xx_HAL_Driver/Src/stm32f4xx_hal_dma_ex.c.obj
LOAD CMakeFiles/can_try.elf.dir/Drivers/STM32F4xx_HAL_Driver/Src/stm32f4xx_hal_exti.c.obj
LOAD CMakeFiles/can_try.elf.dir/Drivers/STM32F4xx_HAL_Driver/Src/stm32f4xx_hal_flash.c.obj
LOAD CMakeFiles/can_try.elf.dir/Drivers/STM32F4xx_HAL_Driver/Src/stm32f4xx_hal_flash_ex.c.obj
LOAD CMakeFiles/can_try.elf.dir/Drivers/STM32F4xx_HAL_Driver/Src/stm32f4xx_hal_flash_ramfunc.c.obj
LOAD CMakeFiles/can_try.elf.dir/Drivers/STM32F4xx_HAL_Driver/Src/stm32f4xx_hal_gpio.c.obj
LOAD CMakeFiles/can_try.elf.dir/Drivers/STM32F4xx_HAL_Driver/Src/stm32f4xx_hal_pwr.c.obj
LOAD CMakeFiles/can_try.elf.dir/Drivers/STM32F4xx_HAL_Driver/Src/stm32f4xx_hal_pwr_ex.c.obj
LOAD CMakeFiles/can_try.elf.dir/Drivers/STM32F4xx_HAL_Driver/Src/stm32f4xx_hal_rcc.c.obj
LOAD CMakeFiles/can_try.elf.dir/Drivers/STM32F4xx_HAL_Driver/Src/stm32f4xx_hal_rcc_ex.c.obj
LOAD CMakeFiles/can_try.elf.dir/Drivers/STM32F4xx_HAL_Driver/Src/stm32f4xx_hal_tim.c.obj
LOAD CMakeFiles/can_try.elf.dir/Drivers/STM32F4xx_HAL_Driver/Src/stm32f4xx_hal_tim_ex.c.obj
LOAD CMakeFiles/can_try.elf.dir/User/callback.cpp.obj
LOAD CMakeFiles/can_try.elf.dir/User/control.cpp.obj
LOAD D:/STM/stm3/STM32CubeCLT_1.16.0/GNU-tools-for-STM32/bin/../lib/gcc/arm-none-eabi/12.3.1/../../../../arm-none-eabi/lib/thumb/v7e-m/nofp\libstdc++.a
LOAD D:/STM/stm3/STM32CubeCLT_1.16.0/GNU-tools-for-STM32/bin/../lib/gcc/arm-none-eabi/12.3.1/../../../../arm-none-eabi/lib/thumb/v7e-m/nofp\libm.a
START GROUP
LOAD D:/STM/stm3/STM32CubeCLT_1.16.0/GNU-tools-for-STM32/bin/../lib/gcc/arm-none-eabi/12.3.1/thumb/v7e-m/nofp\libgcc.a
LOAD D:/STM/stm3/STM32CubeCLT_1.16.0/GNU-tools-for-STM32/bin/../lib/gcc/arm-none-eabi/12.3.1/../../../../arm-none-eabi/lib/thumb/v7e-m/nofp\libg.a
LOAD D:/STM/stm3/STM32CubeCLT_1.16.0/GNU-tools-for-STM32/bin/../lib/gcc/arm-none-eabi/12.3.1/../../../../arm-none-eabi/lib/thumb/v7e-m/nofp\libc.a
END GROUP
LOAD D:/STM/stm3/STM32CubeCLT_1.16.0/GNU-tools-for-STM32/bin/../lib/gcc/arm-none-eabi/12.3.1/thumb/v7e-m/nofp/crtend.o
LOAD D:/STM/stm3/STM32CubeCLT_1.16.0/GNU-tools-for-STM32/bin/../lib/gcc/arm-none-eabi/12.3.1/thumb/v7e-m/nofp/crtn.o
                0x20030000                        _estack = (ORIGIN (RAM) + LENGTH (RAM))
                0x00000200                        _Min_Heap_Size = 0x200
                0x00000400                        _Min_Stack_Size = 0x400

.isr_vector     0x08000000      0x1ac
                0x08000000                        . = ALIGN (0x4)
 *(.isr_vector)
 .isr_vector    0x08000000      0x1ac CMakeFiles/can_try.elf.dir/Core/Startup/startup_stm32f427iihx.s.obj
                0x08000000                g_pfnVectors
                0x080001ac                        . = ALIGN (0x4)

.text           0x080001ac     0x31a4
                0x080001ac                        . = ALIGN (0x4)
 *(.text)
 .text          0x080001ac       0x40 D:/STM/stm3/STM32CubeCLT_1.16.0/GNU-tools-for-STM32/bin/../lib/gcc/arm-none-eabi/12.3.1/thumb/v7e-m/nofp/crtbegin.o
 .text          0x080001ec      0x168 D:/STM/stm3/STM32CubeCLT_1.16.0/GNU-tools-for-STM32/bin/../lib/gcc/arm-none-eabi/12.3.1/thumb/v7e-m/nofp\libgcc.a(_arm_mulsf3.o)
                0x080001ec                __aeabi_fmul
                0x080001ec                __mulsf3
 .text          0x08000354      0x21c D:/STM/stm3/STM32CubeCLT_1.16.0/GNU-tools-for-STM32/bin/../lib/gcc/arm-none-eabi/12.3.1/thumb/v7e-m/nofp\libgcc.a(_arm_addsubsf3.o)
                0x08000354                __aeabi_frsub
                0x0800035c                __subsf3
                0x0800035c                __aeabi_fsub
                0x08000360                __aeabi_fadd
                0x08000360                __addsf3
                0x080004c0                __aeabi_ui2f
                0x080004c0                __floatunsisf
                0x080004c8                __aeabi_i2f
                0x080004c8                __floatsisf
                0x080004e4                __aeabi_ul2f
                0x080004e4                __floatundisf
                0x080004f4                __aeabi_l2f
                0x080004f4                __floatdisf
 .text          0x08000570       0x30 D:/STM/stm3/STM32CubeCLT_1.16.0/GNU-tools-for-STM32/bin/../lib/gcc/arm-none-eabi/12.3.1/thumb/v7e-m/nofp\libgcc.a(_aeabi_uldivmod.o)
                0x08000570                __aeabi_uldivmod
 .text          0x080005a0      0x2bc D:/STM/stm3/STM32CubeCLT_1.16.0/GNU-tools-for-STM32/bin/../lib/gcc/arm-none-eabi/12.3.1/thumb/v7e-m/nofp\libgcc.a(_udivmoddi4.o)
                0x080005a0                __udivmoddi4
 .text          0x0800085c      0x9f4 D:/STM/stm3/STM32CubeCLT_1.16.0/GNU-tools-for-STM32/bin/../lib/gcc/arm-none-eabi/12.3.1/thumb/v7e-m/nofp\libgcc.a(unwind-arm.o)
                0x08000b0c                _Unwind_GetCFA
                0x08000b10                __gnu_Unwind_RaiseException
                0x08000b78                __gnu_Unwind_ForcedUnwind
                0x08000b88                __gnu_Unwind_Resume
                0x08000bcc                __gnu_Unwind_Resume_or_Rethrow
                0x08000bdc                _Unwind_Complete
                0x08000be0                _Unwind_DeleteException
                0x08000bec                _Unwind_VRS_Get
                0x08000c38                _Unwind_VRS_Set
                0x08000c80                __gnu_Unwind_Backtrace
                0x08000f9c                __aeabi_unwind_cpp_pr0
                0x08000fa0                __aeabi_unwind_cpp_pr1
                0x08000fa4                __aeabi_unwind_cpp_pr2
                0x08000fa8                _Unwind_VRS_Pop
 .text          0x08001250      0x1ac D:/STM/stm3/STM32CubeCLT_1.16.0/GNU-tools-for-STM32/bin/../lib/gcc/arm-none-eabi/12.3.1/thumb/v7e-m/nofp\libgcc.a(libunwind.o)
                0x08001250                __restore_core_regs
                0x08001250                restore_core_regs
                0x08001268                __gnu_Unwind_Restore_VFP
                0x08001270                __gnu_Unwind_Save_VFP
                0x08001278                __gnu_Unwind_Restore_VFP_D
                0x08001280                __gnu_Unwind_Save_VFP_D
                0x08001288                __gnu_Unwind_Restore_VFP_D_16_to_31
                0x08001290                __gnu_Unwind_Save_VFP_D_16_to_31
                0x08001298                __gnu_Unwind_Restore_WMMXD
                0x080012dc                __gnu_Unwind_Save_WMMXD
                0x08001320                __gnu_Unwind_Restore_WMMXC
                0x08001334                __gnu_Unwind_Save_WMMXC
                0x08001348                ___Unwind_RaiseException
                0x08001348                _Unwind_RaiseException
                0x0800136c                _Unwind_Resume
                0x0800136c                ___Unwind_Resume
                0x08001390                _Unwind_Resume_or_Rethrow
                0x08001390                ___Unwind_Resume_or_Rethrow
                0x080013b4                _Unwind_ForcedUnwind
                0x080013b4                ___Unwind_ForcedUnwind
                0x080013d8                ___Unwind_Backtrace
                0x080013d8                _Unwind_Backtrace
 .text          0x080013fc      0x378 D:/STM/stm3/STM32CubeCLT_1.16.0/GNU-tools-for-STM32/bin/../lib/gcc/arm-none-eabi/12.3.1/thumb/v7e-m/nofp\libgcc.a(pr-support.o)
                0x08001454                __gnu_unwind_execute
                0x08001728                __gnu_unwind_frame
                0x08001754                _Unwind_GetRegionStart
                0x08001760                _Unwind_GetLanguageSpecificData
 .text          0x08001774        0x4 D:/STM/stm3/STM32CubeCLT_1.16.0/GNU-tools-for-STM32/bin/../lib/gcc/arm-none-eabi/12.3.1/thumb/v7e-m/nofp\libgcc.a(_dvmd_tls.o)
                0x08001774                __aeabi_idiv0
                0x08001774                __aeabi_ldiv0
 *(.text*)
 .text.MX_CAN1_Init
                0x08001778       0x44 CMakeFiles/can_try.elf.dir/Core/Src/can.c.obj
                0x08001778                MX_CAN1_Init
 .text.HAL_CAN_MspInit
                0x080017bc       0x7c CMakeFiles/can_try.elf.dir/Core/Src/can.c.obj
                0x080017bc                HAL_CAN_MspInit
 .text.MX_GPIO_Init
                0x08001838       0x4c CMakeFiles/can_try.elf.dir/Core/Src/gpio.c.obj
                0x08001838                MX_GPIO_Init
 .text.Error_Handler
                0x08001884        0x4 CMakeFiles/can_try.elf.dir/Core/Src/main.c.obj
                0x08001884                Error_Handler
 .text.SystemClock_Config
                0x08001888       0xa8 CMakeFiles/can_try.elf.dir/Core/Src/main.c.obj
                0x08001888                SystemClock_Config
 .text.main     0x08001930       0x1c CMakeFiles/can_try.elf.dir/Core/Src/main.c.obj
                0x08001930                main
 .text.HAL_MspInit
                0x0800194c       0x38 CMakeFiles/can_try.elf.dir/Core/Src/stm32f4xx_hal_msp.c.obj
                0x0800194c                HAL_MspInit
 .text.NMI_Handler
                0x08001984        0x2 CMakeFiles/can_try.elf.dir/Core/Src/stm32f4xx_it.c.obj
                0x08001984                NMI_Handler
 .text.HardFault_Handler
                0x08001986        0x2 CMakeFiles/can_try.elf.dir/Core/Src/stm32f4xx_it.c.obj
                0x08001986                HardFault_Handler
 .text.MemManage_Handler
                0x08001988        0x2 CMakeFiles/can_try.elf.dir/Core/Src/stm32f4xx_it.c.obj
                0x08001988                MemManage_Handler
 .text.BusFault_Handler
                0x0800198a        0x2 CMakeFiles/can_try.elf.dir/Core/Src/stm32f4xx_it.c.obj
                0x0800198a                BusFault_Handler
 .text.UsageFault_Handler
                0x0800198c        0x2 CMakeFiles/can_try.elf.dir/Core/Src/stm32f4xx_it.c.obj
                0x0800198c                UsageFault_Handler
 .text.SVC_Handler
                0x0800198e        0x2 CMakeFiles/can_try.elf.dir/Core/Src/stm32f4xx_it.c.obj
                0x0800198e                SVC_Handler
 .text.DebugMon_Handler
                0x08001990        0x2 CMakeFiles/can_try.elf.dir/Core/Src/stm32f4xx_it.c.obj
                0x08001990                DebugMon_Handler
 .text.PendSV_Handler
                0x08001992        0x2 CMakeFiles/can_try.elf.dir/Core/Src/stm32f4xx_it.c.obj
                0x08001992                PendSV_Handler
 .text.SysTick_Handler
                0x08001994        0x8 CMakeFiles/can_try.elf.dir/Core/Src/stm32f4xx_it.c.obj
                0x08001994                SysTick_Handler
 .text.CAN1_RX0_IRQHandler
                0x0800199c       0x10 CMakeFiles/can_try.elf.dir/Core/Src/stm32f4xx_it.c.obj
                0x0800199c                CAN1_RX0_IRQHandler
 .text.TIM1_UP_TIM10_IRQHandler
                0x080019ac       0x10 CMakeFiles/can_try.elf.dir/Core/Src/stm32f4xx_it.c.obj
                0x080019ac                TIM1_UP_TIM10_IRQHandler
 .text._getpid  0x080019bc        0x4 CMakeFiles/can_try.elf.dir/Core/Src/syscalls.c.obj
                0x080019bc                _getpid
 .text._kill    0x080019c0       0x10 CMakeFiles/can_try.elf.dir/Core/Src/syscalls.c.obj
                0x080019c0                _kill
 .text._exit    0x080019d0        0xc CMakeFiles/can_try.elf.dir/Core/Src/syscalls.c.obj
                0x080019d0                _exit
 .text.SystemInit
                0x080019dc        0x2 CMakeFiles/can_try.elf.dir/Core/Src/system_stm32f4xx.c.obj
                0x080019dc                SystemInit
 *fill*         0x080019de        0x2 
 .text.MX_TIM1_Init
                0x080019e0       0x70 CMakeFiles/can_try.elf.dir/Core/Src/tim.c.obj
                0x080019e0                MX_TIM1_Init
 .text.HAL_TIM_Base_MspInit
                0x08001a50       0x40 CMakeFiles/can_try.elf.dir/Core/Src/tim.c.obj
                0x08001a50                HAL_TIM_Base_MspInit
 .text.Reset_Handler
                0x08001a90       0x50 CMakeFiles/can_try.elf.dir/Core/Startup/startup_stm32f427iihx.s.obj
                0x08001a90                Reset_Handler
 .text.Default_Handler
                0x08001ae0        0x2 CMakeFiles/can_try.elf.dir/Core/Startup/startup_stm32f427iihx.s.obj
                0x08001ae0                RTC_Alarm_IRQHandler
                0x08001ae0                HASH_RNG_IRQHandler
                0x08001ae0                EXTI2_IRQHandler
                0x08001ae0                TIM8_CC_IRQHandler
                0x08001ae0                UART8_IRQHandler
                0x08001ae0                SPI4_IRQHandler
                0x08001ae0                TIM1_CC_IRQHandler
                0x08001ae0                DMA2_Stream5_IRQHandler
                0x08001ae0                DMA1_Stream5_IRQHandler
                0x08001ae0                PVD_IRQHandler
                0x08001ae0                SDIO_IRQHandler
                0x08001ae0                TAMP_STAMP_IRQHandler
                0x08001ae0                CAN2_RX1_IRQHandler
                0x08001ae0                EXTI3_IRQHandler
                0x08001ae0                TIM8_TRG_COM_TIM14_IRQHandler
                0x08001ae0                TIM8_UP_TIM13_IRQHandler
                0x08001ae0                I2C3_ER_IRQHandler
                0x08001ae0                EXTI0_IRQHandler
                0x08001ae0                I2C2_EV_IRQHandler
                0x08001ae0                DMA1_Stream2_IRQHandler
                0x08001ae0                FPU_IRQHandler
                0x08001ae0                OTG_HS_WKUP_IRQHandler
                0x08001ae0                CAN2_SCE_IRQHandler
                0x08001ae0                DMA2_Stream2_IRQHandler
                0x08001ae0                SPI1_IRQHandler
                0x08001ae0                TIM6_DAC_IRQHandler
                0x08001ae0                TIM1_BRK_TIM9_IRQHandler
                0x08001ae0                DCMI_IRQHandler
                0x08001ae0                CAN2_RX0_IRQHandler
                0x08001ae0                DMA2_Stream3_IRQHandler
                0x08001ae0                USART6_IRQHandler
                0x08001ae0                USART3_IRQHandler
                0x08001ae0                CAN1_RX1_IRQHandler
                0x08001ae0                UART5_IRQHandler
                0x08001ae0                DMA2_Stream0_IRQHandler
                0x08001ae0                TIM4_IRQHandler
                0x08001ae0                I2C1_EV_IRQHandler
                0x08001ae0                DMA1_Stream6_IRQHandler
                0x08001ae0                DMA1_Stream1_IRQHandler
                0x08001ae0                UART4_IRQHandler
                0x08001ae0                TIM3_IRQHandler
                0x08001ae0                RCC_IRQHandler
                0x08001ae0                TIM8_BRK_TIM12_IRQHandler
                0x08001ae0                Default_Handler
                0x08001ae0                EXTI15_10_IRQHandler
                0x08001ae0                ADC_IRQHandler
                0x08001ae0                DMA1_Stream7_IRQHandler
                0x08001ae0                SPI5_IRQHandler
                0x08001ae0                TIM7_IRQHandler
                0x08001ae0                CAN2_TX_IRQHandler
                0x08001ae0                TIM5_IRQHandler
                0x08001ae0                DMA2_Stream7_IRQHandler
                0x08001ae0                I2C3_EV_IRQHandler
                0x08001ae0                EXTI9_5_IRQHandler
                0x08001ae0                RTC_WKUP_IRQHandler
                0x08001ae0                ETH_WKUP_IRQHandler
                0x08001ae0                SPI2_IRQHandler
                0x08001ae0                OTG_HS_EP1_IN_IRQHandler
                0x08001ae0                DMA1_Stream0_IRQHandler
                0x08001ae0                CAN1_TX_IRQHandler
                0x08001ae0                EXTI4_IRQHandler
                0x08001ae0                ETH_IRQHandler
                0x08001ae0                OTG_HS_EP1_OUT_IRQHandler
                0x08001ae0                WWDG_IRQHandler
                0x08001ae0                SPI6_IRQHandler
                0x08001ae0                TIM2_IRQHandler
                0x08001ae0                OTG_FS_WKUP_IRQHandler
                0x08001ae0                TIM1_TRG_COM_TIM11_IRQHandler
                0x08001ae0                OTG_HS_IRQHandler
                0x08001ae0                DMA2D_IRQHandler
                0x08001ae0                EXTI1_IRQHandler
                0x08001ae0                UART7_IRQHandler
                0x08001ae0                USART2_IRQHandler
                0x08001ae0                I2C2_ER_IRQHandler
                0x08001ae0                DMA2_Stream1_IRQHandler
                0x08001ae0                CAN1_SCE_IRQHandler
                0x08001ae0                FLASH_IRQHandler
                0x08001ae0                DMA2_Stream4_IRQHandler
                0x08001ae0                USART1_IRQHandler
                0x08001ae0                OTG_FS_IRQHandler
                0x08001ae0                SPI3_IRQHandler
                0x08001ae0                DMA1_Stream4_IRQHandler
                0x08001ae0                I2C1_ER_IRQHandler
                0x08001ae0                FMC_IRQHandler
                0x08001ae0                DMA2_Stream6_IRQHandler
                0x08001ae0                SAI1_IRQHandler
                0x08001ae0                DMA1_Stream3_IRQHandler
 *fill*         0x08001ae2        0x2 
 .text.HAL_InitTick
                0x08001ae4       0x4c CMakeFiles/can_try.elf.dir/Drivers/STM32F4xx_HAL_Driver/Src/stm32f4xx_hal.c.obj
                0x08001ae4                HAL_InitTick
 .text.HAL_Init
                0x08001b30       0x34 CMakeFiles/can_try.elf.dir/Drivers/STM32F4xx_HAL_Driver/Src/stm32f4xx_hal.c.obj
                0x08001b30                HAL_Init
 .text.HAL_IncTick
                0x08001b64       0x18 CMakeFiles/can_try.elf.dir/Drivers/STM32F4xx_HAL_Driver/Src/stm32f4xx_hal.c.obj
                0x08001b64                HAL_IncTick
 .text.HAL_GetTick
                0x08001b7c        0xc CMakeFiles/can_try.elf.dir/Drivers/STM32F4xx_HAL_Driver/Src/stm32f4xx_hal.c.obj
                0x08001b7c                HAL_GetTick
 .text.HAL_CAN_Init
                0x08001b88      0x14c CMakeFiles/can_try.elf.dir/Drivers/STM32F4xx_HAL_Driver/Src/stm32f4xx_hal_can.c.obj
                0x08001b88                HAL_CAN_Init
 .text.HAL_CAN_ConfigFilter
                0x08001cd4      0x13c CMakeFiles/can_try.elf.dir/Drivers/STM32F4xx_HAL_Driver/Src/stm32f4xx_hal_can.c.obj
                0x08001cd4                HAL_CAN_ConfigFilter
 .text.HAL_CAN_Start
                0x08001e10       0x5c CMakeFiles/can_try.elf.dir/Drivers/STM32F4xx_HAL_Driver/Src/stm32f4xx_hal_can.c.obj
                0x08001e10                HAL_CAN_Start
 .text.HAL_CAN_GetRxMessage
                0x08001e6c      0x16a CMakeFiles/can_try.elf.dir/Drivers/STM32F4xx_HAL_Driver/Src/stm32f4xx_hal_can.c.obj
                0x08001e6c                HAL_CAN_GetRxMessage
 .text.HAL_CAN_ActivateNotification
                0x08001fd6       0x24 CMakeFiles/can_try.elf.dir/Drivers/STM32F4xx_HAL_Driver/Src/stm32f4xx_hal_can.c.obj
                0x08001fd6                HAL_CAN_ActivateNotification
 .text.HAL_CAN_TxMailbox0CompleteCallback
                0x08001ffa        0x2 CMakeFiles/can_try.elf.dir/Drivers/STM32F4xx_HAL_Driver/Src/stm32f4xx_hal_can.c.obj
                0x08001ffa                HAL_CAN_TxMailbox0CompleteCallback
 .text.HAL_CAN_TxMailbox1CompleteCallback
                0x08001ffc        0x2 CMakeFiles/can_try.elf.dir/Drivers/STM32F4xx_HAL_Driver/Src/stm32f4xx_hal_can.c.obj
                0x08001ffc                HAL_CAN_TxMailbox1CompleteCallback
 .text.HAL_CAN_TxMailbox2CompleteCallback
                0x08001ffe        0x2 CMakeFiles/can_try.elf.dir/Drivers/STM32F4xx_HAL_Driver/Src/stm32f4xx_hal_can.c.obj
                0x08001ffe                HAL_CAN_TxMailbox2CompleteCallback
 .text.HAL_CAN_TxMailbox0AbortCallback
                0x08002000        0x2 CMakeFiles/can_try.elf.dir/Drivers/STM32F4xx_HAL_Driver/Src/stm32f4xx_hal_can.c.obj
                0x08002000                HAL_CAN_TxMailbox0AbortCallback
 .text.HAL_CAN_TxMailbox1AbortCallback
                0x08002002        0x2 CMakeFiles/can_try.elf.dir/Drivers/STM32F4xx_HAL_Driver/Src/stm32f4xx_hal_can.c.obj
                0x08002002                HAL_CAN_TxMailbox1AbortCallback
 .text.HAL_CAN_TxMailbox2AbortCallback
                0x08002004        0x2 CMakeFiles/can_try.elf.dir/Drivers/STM32F4xx_HAL_Driver/Src/stm32f4xx_hal_can.c.obj
                0x08002004                HAL_CAN_TxMailbox2AbortCallback
 .text.HAL_CAN_RxFifo0FullCallback
                0x08002006        0x2 CMakeFiles/can_try.elf.dir/Drivers/STM32F4xx_HAL_Driver/Src/stm32f4xx_hal_can.c.obj
                0x08002006                HAL_CAN_RxFifo0FullCallback
 .text.HAL_CAN_RxFifo1MsgPendingCallback
                0x08002008        0x2 CMakeFiles/can_try.elf.dir/Drivers/STM32F4xx_HAL_Driver/Src/stm32f4xx_hal_can.c.obj
                0x08002008                HAL_CAN_RxFifo1MsgPendingCallback
 .text.HAL_CAN_RxFifo1FullCallback
                0x0800200a        0x2 CMakeFiles/can_try.elf.dir/Drivers/STM32F4xx_HAL_Driver/Src/stm32f4xx_hal_can.c.obj
                0x0800200a                HAL_CAN_RxFifo1FullCallback
 .text.HAL_CAN_SleepCallback
                0x0800200c        0x2 CMakeFiles/can_try.elf.dir/Drivers/STM32F4xx_HAL_Driver/Src/stm32f4xx_hal_can.c.obj
                0x0800200c                HAL_CAN_SleepCallback
 .text.HAL_CAN_WakeUpFromRxMsgCallback
                0x0800200e        0x2 CMakeFiles/can_try.elf.dir/Drivers/STM32F4xx_HAL_Driver/Src/stm32f4xx_hal_can.c.obj
                0x0800200e                HAL_CAN_WakeUpFromRxMsgCallback
 .text.HAL_CAN_ErrorCallback
                0x08002010        0x2 CMakeFiles/can_try.elf.dir/Drivers/STM32F4xx_HAL_Driver/Src/stm32f4xx_hal_can.c.obj
                0x08002010                HAL_CAN_ErrorCallback
 .text.HAL_CAN_IRQHandler
                0x08002012      0x24a CMakeFiles/can_try.elf.dir/Drivers/STM32F4xx_HAL_Driver/Src/stm32f4xx_hal_can.c.obj
                0x08002012                HAL_CAN_IRQHandler
 .text.__NVIC_EnableIRQ
                0x0800225c       0x1c CMakeFiles/can_try.elf.dir/Drivers/STM32F4xx_HAL_Driver/Src/stm32f4xx_hal_cortex.c.obj
 .text.__NVIC_SetPriority
                0x08002278       0x28 CMakeFiles/can_try.elf.dir/Drivers/STM32F4xx_HAL_Driver/Src/stm32f4xx_hal_cortex.c.obj
 .text.NVIC_EncodePriority
                0x080022a0       0x3e CMakeFiles/can_try.elf.dir/Drivers/STM32F4xx_HAL_Driver/Src/stm32f4xx_hal_cortex.c.obj
 *fill*         0x080022de        0x2 
 .text.HAL_NVIC_SetPriorityGrouping
                0x080022e0       0x24 CMakeFiles/can_try.elf.dir/Drivers/STM32F4xx_HAL_Driver/Src/stm32f4xx_hal_cortex.c.obj
                0x080022e0                HAL_NVIC_SetPriorityGrouping
 .text.HAL_NVIC_SetPriority
                0x08002304       0x20 CMakeFiles/can_try.elf.dir/Drivers/STM32F4xx_HAL_Driver/Src/stm32f4xx_hal_cortex.c.obj
                0x08002304                HAL_NVIC_SetPriority
 .text.HAL_NVIC_EnableIRQ
                0x08002324        0x8 CMakeFiles/can_try.elf.dir/Drivers/STM32F4xx_HAL_Driver/Src/stm32f4xx_hal_cortex.c.obj
                0x08002324                HAL_NVIC_EnableIRQ
 .text.HAL_SYSTICK_Config
                0x0800232c       0x28 CMakeFiles/can_try.elf.dir/Drivers/STM32F4xx_HAL_Driver/Src/stm32f4xx_hal_cortex.c.obj
                0x0800232c                HAL_SYSTICK_Config
 .text.HAL_GPIO_Init
                0x08002354      0x20c CMakeFiles/can_try.elf.dir/Drivers/STM32F4xx_HAL_Driver/Src/stm32f4xx_hal_gpio.c.obj
                0x08002354                HAL_GPIO_Init
 .text.HAL_RCC_OscConfig
                0x08002560      0x3f8 CMakeFiles/can_try.elf.dir/Drivers/STM32F4xx_HAL_Driver/Src/stm32f4xx_hal_rcc.c.obj
                0x08002560                HAL_RCC_OscConfig
 .text.HAL_RCC_GetSysClockFreq
                0x08002958       0xa8 CMakeFiles/can_try.elf.dir/Drivers/STM32F4xx_HAL_Driver/Src/stm32f4xx_hal_rcc.c.obj
                0x08002958                HAL_RCC_GetSysClockFreq
 .text.HAL_RCC_ClockConfig
                0x08002a00      0x160 CMakeFiles/can_try.elf.dir/Drivers/STM32F4xx_HAL_Driver/Src/stm32f4xx_hal_rcc.c.obj
                0x08002a00                HAL_RCC_ClockConfig
 .text.TIM_TI1_ConfigInputStage
                0x08002b60       0x24 CMakeFiles/can_try.elf.dir/Drivers/STM32F4xx_HAL_Driver/Src/stm32f4xx_hal_tim.c.obj
 .text.TIM_TI2_ConfigInputStage
                0x08002b84       0x26 CMakeFiles/can_try.elf.dir/Drivers/STM32F4xx_HAL_Driver/Src/stm32f4xx_hal_tim.c.obj
 .text.TIM_ITRx_SetConfig
                0x08002baa       0x10 CMakeFiles/can_try.elf.dir/Drivers/STM32F4xx_HAL_Driver/Src/stm32f4xx_hal_tim.c.obj
 *fill*         0x08002bba        0x2 
 .text.HAL_TIM_Base_Start_IT
                0x08002bbc       0x88 CMakeFiles/can_try.elf.dir/Drivers/STM32F4xx_HAL_Driver/Src/stm32f4xx_hal_tim.c.obj
                0x08002bbc                HAL_TIM_Base_Start_IT
 .text.HAL_TIM_OC_DelayElapsedCallback
                0x08002c44        0x2 CMakeFiles/can_try.elf.dir/Drivers/STM32F4xx_HAL_Driver/Src/stm32f4xx_hal_tim.c.obj
                0x08002c44                HAL_TIM_OC_DelayElapsedCallback
 .text.HAL_TIM_IC_CaptureCallback
                0x08002c46        0x2 CMakeFiles/can_try.elf.dir/Drivers/STM32F4xx_HAL_Driver/Src/stm32f4xx_hal_tim.c.obj
                0x08002c46                HAL_TIM_IC_CaptureCallback
 .text.HAL_TIM_PWM_PulseFinishedCallback
                0x08002c48        0x2 CMakeFiles/can_try.elf.dir/Drivers/STM32F4xx_HAL_Driver/Src/stm32f4xx_hal_tim.c.obj
                0x08002c48                HAL_TIM_PWM_PulseFinishedCallback
 .text.HAL_TIM_TriggerCallback
                0x08002c4a        0x2 CMakeFiles/can_try.elf.dir/Drivers/STM32F4xx_HAL_Driver/Src/stm32f4xx_hal_tim.c.obj
                0x08002c4a                HAL_TIM_TriggerCallback
 .text.HAL_TIM_IRQHandler
                0x08002c4c      0x15e CMakeFiles/can_try.elf.dir/Drivers/STM32F4xx_HAL_Driver/Src/stm32f4xx_hal_tim.c.obj
                0x08002c4c                HAL_TIM_IRQHandler
 *fill*         0x08002daa        0x2 
 .text.TIM_Base_SetConfig
                0x08002dac       0xd8 CMakeFiles/can_try.elf.dir/Drivers/STM32F4xx_HAL_Driver/Src/stm32f4xx_hal_tim.c.obj
                0x08002dac                TIM_Base_SetConfig
 .text.HAL_TIM_Base_Init
                0x08002e84       0x58 CMakeFiles/can_try.elf.dir/Drivers/STM32F4xx_HAL_Driver/Src/stm32f4xx_hal_tim.c.obj
                0x08002e84                HAL_TIM_Base_Init
 .text.TIM_ETR_SetConfig
                0x08002edc       0x18 CMakeFiles/can_try.elf.dir/Drivers/STM32F4xx_HAL_Driver/Src/stm32f4xx_hal_tim.c.obj
                0x08002edc                TIM_ETR_SetConfig
 .text.HAL_TIM_ConfigClockSource
                0x08002ef4       0xfe CMakeFiles/can_try.elf.dir/Drivers/STM32F4xx_HAL_Driver/Src/stm32f4xx_hal_tim.c.obj
                0x08002ef4                HAL_TIM_ConfigClockSource
 *fill*         0x08002ff2        0x2 
 .text.HAL_TIMEx_MasterConfigSynchronization
                0x08002ff4       0x8c CMakeFiles/can_try.elf.dir/Drivers/STM32F4xx_HAL_Driver/Src/stm32f4xx_hal_tim_ex.c.obj
                0x08002ff4                HAL_TIMEx_MasterConfigSynchronization
 .text.HAL_TIMEx_CommutCallback
                0x08003080        0x2 CMakeFiles/can_try.elf.dir/Drivers/STM32F4xx_HAL_Driver/Src/stm32f4xx_hal_tim_ex.c.obj
                0x08003080                HAL_TIMEx_CommutCallback
 .text.HAL_TIMEx_BreakCallback
                0x08003082        0x2 CMakeFiles/can_try.elf.dir/Drivers/STM32F4xx_HAL_Driver/Src/stm32f4xx_hal_tim_ex.c.obj
                0x08003082                HAL_TIMEx_BreakCallback
 .text.HAL_CAN_RxFifo0MsgPendingCallback
                0x08003084       0x18 CMakeFiles/can_try.elf.dir/User/callback.cpp.obj
                0x08003084                HAL_CAN_RxFifo0MsgPendingCallback
 .text.HAL_TIM_PeriodElapsedCallback
                0x0800309c       0x18 CMakeFiles/can_try.elf.dir/User/callback.cpp.obj
                0x0800309c                HAL_TIM_PeriodElapsedCallback
 .text._ZN11M3508_Motor19canRxMsgCallback_v1EPh
                0x080030b4       0x48 CMakeFiles/can_try.elf.dir/User/control.cpp.obj
                0x080030b4                M3508_Motor::canRxMsgCallback_v1(unsigned char*)
 .text.controlInit
                0x080030fc       0x44 CMakeFiles/can_try.elf.dir/User/control.cpp.obj
                0x080030fc                controlInit
 .text.controlLoop
                0x08003140       0x14 CMakeFiles/can_try.elf.dir/User/control.cpp.obj
                0x08003140                controlLoop
 .text.abort    0x08003154        0xe D:/STM/stm3/STM32CubeCLT_1.16.0/GNU-tools-for-STM32/bin/../lib/gcc/arm-none-eabi/12.3.1/../../../../arm-none-eabi/lib/thumb/v7e-m/nofp\libg.a(libc_a-abort.o)
                0x08003154                abort
 .text.memset   0x08003162       0x10 D:/STM/stm3/STM32CubeCLT_1.16.0/GNU-tools-for-STM32/bin/../lib/gcc/arm-none-eabi/12.3.1/../../../../arm-none-eabi/lib/thumb/v7e-m/nofp\libg.a(libc_a-memset.o)
                0x08003162                memset
 .text._raise_r
                0x08003172       0x52 D:/STM/stm3/STM32CubeCLT_1.16.0/GNU-tools-for-STM32/bin/../lib/gcc/arm-none-eabi/12.3.1/../../../../arm-none-eabi/lib/thumb/v7e-m/nofp\libg.a(libc_a-signal.o)
                0x08003172                _raise_r
 .text.raise    0x080031c4       0x10 D:/STM/stm3/STM32CubeCLT_1.16.0/GNU-tools-for-STM32/bin/../lib/gcc/arm-none-eabi/12.3.1/../../../../arm-none-eabi/lib/thumb/v7e-m/nofp\libg.a(libc_a-signal.o)
                0x080031c4                raise
 .text._kill_r  0x080031d4       0x24 D:/STM/stm3/STM32CubeCLT_1.16.0/GNU-tools-for-STM32/bin/../lib/gcc/arm-none-eabi/12.3.1/../../../../arm-none-eabi/lib/thumb/v7e-m/nofp\libg.a(libc_a-signalr.o)
                0x080031d4                _kill_r
 .text._getpid_r
                0x080031f8        0x4 D:/STM/stm3/STM32CubeCLT_1.16.0/GNU-tools-for-STM32/bin/../lib/gcc/arm-none-eabi/12.3.1/../../../../arm-none-eabi/lib/thumb/v7e-m/nofp\libg.a(libc_a-signalr.o)
                0x080031f8                _getpid_r
 .text.__errno  0x080031fc        0xc D:/STM/stm3/STM32CubeCLT_1.16.0/GNU-tools-for-STM32/bin/../lib/gcc/arm-none-eabi/12.3.1/../../../../arm-none-eabi/lib/thumb/v7e-m/nofp\libg.a(libc_a-errno.o)
                0x080031fc                __errno
 .text.__libc_init_array
                0x08003208       0x48 D:/STM/stm3/STM32CubeCLT_1.16.0/GNU-tools-for-STM32/bin/../lib/gcc/arm-none-eabi/12.3.1/../../../../arm-none-eabi/lib/thumb/v7e-m/nofp\libg.a(libc_a-init.o)
                0x08003208                __libc_init_array
 .text.__retarget_lock_acquire_recursive
                0x08003250        0x2 D:/STM/stm3/STM32CubeCLT_1.16.0/GNU-tools-for-STM32/bin/../lib/gcc/arm-none-eabi/12.3.1/../../../../arm-none-eabi/lib/thumb/v7e-m/nofp\libg.a(libc_a-lock.o)
                0x08003250                __retarget_lock_acquire_recursive
 .text.__retarget_lock_release_recursive
                0x08003252        0x2 D:/STM/stm3/STM32CubeCLT_1.16.0/GNU-tools-for-STM32/bin/../lib/gcc/arm-none-eabi/12.3.1/../../../../arm-none-eabi/lib/thumb/v7e-m/nofp\libg.a(libc_a-lock.o)
                0x08003252                __retarget_lock_release_recursive
 .text.memcpy   0x08003254       0x1c D:/STM/stm3/STM32CubeCLT_1.16.0/GNU-tools-for-STM32/bin/../lib/gcc/arm-none-eabi/12.3.1/../../../../arm-none-eabi/lib/thumb/v7e-m/nofp\libg.a(libc_a-memcpy-stub.o)
                0x08003254                memcpy
 .text.startup.register_fini
                0x08003270       0x14 D:/STM/stm3/STM32CubeCLT_1.16.0/GNU-tools-for-STM32/bin/../lib/gcc/arm-none-eabi/12.3.1/../../../../arm-none-eabi/lib/thumb/v7e-m/nofp\libg.a(libc_a-__call_atexit.o)
 .text.atexit   0x08003284        0xc D:/STM/stm3/STM32CubeCLT_1.16.0/GNU-tools-for-STM32/bin/../lib/gcc/arm-none-eabi/12.3.1/../../../../arm-none-eabi/lib/thumb/v7e-m/nofp\libg.a(libc_a-atexit.o)
                0x08003284                atexit
 .text.__libc_fini_array
                0x08003290       0x28 D:/STM/stm3/STM32CubeCLT_1.16.0/GNU-tools-for-STM32/bin/../lib/gcc/arm-none-eabi/12.3.1/../../../../arm-none-eabi/lib/thumb/v7e-m/nofp\libg.a(libc_a-fini.o)
                0x08003290                __libc_fini_array
 .text.__register_exitproc
                0x080032b8       0x80 D:/STM/stm3/STM32CubeCLT_1.16.0/GNU-tools-for-STM32/bin/../lib/gcc/arm-none-eabi/12.3.1/../../../../arm-none-eabi/lib/thumb/v7e-m/nofp\libg.a(libc_a-__atexit.o)
                0x080032b8                __register_exitproc
 *(.glue_7)
 .glue_7        0x08003338        0x0 linker stubs
 *(.glue_7t)
 .glue_7t       0x08003338        0x0 linker stubs
 *(.eh_frame)
 .eh_frame      0x08003338        0x0 D:/STM/stm3/STM32CubeCLT_1.16.0/GNU-tools-for-STM32/bin/../lib/gcc/arm-none-eabi/12.3.1/thumb/v7e-m/nofp/crtbegin.o
 *(.init)
 .init          0x08003338        0x4 D:/STM/stm3/STM32CubeCLT_1.16.0/GNU-tools-for-STM32/bin/../lib/gcc/arm-none-eabi/12.3.1/thumb/v7e-m/nofp/crti.o
                0x08003338                _init
 .init          0x0800333c        0x8 D:/STM/stm3/STM32CubeCLT_1.16.0/GNU-tools-for-STM32/bin/../lib/gcc/arm-none-eabi/12.3.1/thumb/v7e-m/nofp/crtn.o
 *(.fini)
 .fini          0x08003344        0x4 D:/STM/stm3/STM32CubeCLT_1.16.0/GNU-tools-for-STM32/bin/../lib/gcc/arm-none-eabi/12.3.1/thumb/v7e-m/nofp/crti.o
                0x08003344                _fini
 .fini          0x08003348        0x8 D:/STM/stm3/STM32CubeCLT_1.16.0/GNU-tools-for-STM32/bin/../lib/gcc/arm-none-eabi/12.3.1/thumb/v7e-m/nofp/crtn.o
                0x08003350                        . = ALIGN (0x4)
                0x08003350                        _etext = .

.vfp11_veneer   0x08003350        0x0
 .vfp11_veneer  0x08003350        0x0 linker stubs

.v4_bx          0x08003350        0x0
 .v4_bx         0x08003350        0x0 linker stubs

.iplt           0x08003350        0x0
 .iplt          0x08003350        0x0 D:/STM/stm3/STM32CubeCLT_1.16.0/GNU-tools-for-STM32/bin/../lib/gcc/arm-none-eabi/12.3.1/thumb/v7e-m/nofp/crtbegin.o

.rodata         0x08003350       0x10
                0x08003350                        . = ALIGN (0x4)
 *(.rodata)
 *(.rodata*)
 .rodata.AHBPrescTable
                0x08003350       0x10 CMakeFiles/can_try.elf.dir/Core/Src/system_stm32f4xx.c.obj
                0x08003350                AHBPrescTable
                0x08003360                        . = ALIGN (0x4)

.ARM.extab      0x08003360       0x30
                0x08003360                        . = ALIGN (0x4)
 *(.ARM.extab* .gnu.linkonce.armextab.*)
 .ARM.extab.text.HAL_CAN_RxFifo0MsgPendingCallback
                0x08003360        0xc CMakeFiles/can_try.elf.dir/User/callback.cpp.obj
 .ARM.extab.text.HAL_TIM_PeriodElapsedCallback
                0x0800336c        0xc CMakeFiles/can_try.elf.dir/User/callback.cpp.obj
 .ARM.extab.text._ZN11M3508_Motor19canRxMsgCallback_v1EPh
                0x08003378        0x0 CMakeFiles/can_try.elf.dir/User/control.cpp.obj
 .ARM.extab     0x08003378       0x18 D:/STM/stm3/STM32CubeCLT_1.16.0/GNU-tools-for-STM32/bin/../lib/gcc/arm-none-eabi/12.3.1/thumb/v7e-m/nofp\libgcc.a(pr-support.o)
                0x08003390                        . = ALIGN (0x4)

.ARM            0x08003390       0xe0
                0x08003390                        . = ALIGN (0x4)
                0x08003390                        __exidx_start = .
 *(.ARM.exidx*)
 .ARM.exidx     0x08003390        0x8 D:/STM/stm3/STM32CubeCLT_1.16.0/GNU-tools-for-STM32/bin/../lib/gcc/arm-none-eabi/12.3.1/thumb/v7e-m/nofp\libgcc.a(_udivmoddi4.o)
 .ARM.exidx     0x08003398       0x78 D:/STM/stm3/STM32CubeCLT_1.16.0/GNU-tools-for-STM32/bin/../lib/gcc/arm-none-eabi/12.3.1/thumb/v7e-m/nofp\libgcc.a(unwind-arm.o)
                                 0xd8 (size before relaxing)
 .ARM.exidx     0x08003410       0x38 D:/STM/stm3/STM32CubeCLT_1.16.0/GNU-tools-for-STM32/bin/../lib/gcc/arm-none-eabi/12.3.1/thumb/v7e-m/nofp\libgcc.a(pr-support.o)
 .ARM.exidx.text.HAL_CAN_RxFifo0MsgPendingCallback
                0x08003448        0x8 CMakeFiles/can_try.elf.dir/User/callback.cpp.obj
 .ARM.exidx.text.HAL_TIM_PeriodElapsedCallback
                0x08003450        0x8 CMakeFiles/can_try.elf.dir/User/callback.cpp.obj
 .ARM.exidx.text._ZN11M3508_Motor19canRxMsgCallback_v1EPh
                0x08003458        0x8 CMakeFiles/can_try.elf.dir/User/control.cpp.obj
 .ARM.exidx.text.controlInit
                0x08003460        0x8 CMakeFiles/can_try.elf.dir/User/control.cpp.obj
 .ARM.exidx.text.controlLoop
                0x08003468        0x8 CMakeFiles/can_try.elf.dir/User/control.cpp.obj
                0x08003470                        __exidx_end = .
                0x08003470                        . = ALIGN (0x4)

.preinit_array  0x08003470        0x0
                0x08003470                        . = ALIGN (0x4)
                0x08003470                        PROVIDE (__preinit_array_start = .)
 *(.preinit_array*)
                0x08003470                        PROVIDE (__preinit_array_end = .)
                0x08003470                        . = ALIGN (0x4)

.init_array     0x08003470        0x8
                0x08003470                        . = ALIGN (0x4)
                0x08003470                        PROVIDE (__init_array_start = .)
 *(SORT_BY_NAME(.init_array.*))
 .init_array.00000
                0x08003470        0x4 D:/STM/stm3/STM32CubeCLT_1.16.0/GNU-tools-for-STM32/bin/../lib/gcc/arm-none-eabi/12.3.1/../../../../arm-none-eabi/lib/thumb/v7e-m/nofp\libg.a(libc_a-__call_atexit.o)
 *(.init_array*)
 .init_array    0x08003474        0x4 D:/STM/stm3/STM32CubeCLT_1.16.0/GNU-tools-for-STM32/bin/../lib/gcc/arm-none-eabi/12.3.1/thumb/v7e-m/nofp/crtbegin.o
                0x08003478                        PROVIDE (__init_array_end = .)
                0x08003478                        . = ALIGN (0x4)

.fini_array     0x08003478        0x4
                0x08003478                        . = ALIGN (0x4)
                0x08003478                        PROVIDE (__fini_array_start = .)
 *(SORT_BY_NAME(.fini_array.*))
 *(.fini_array*)
 .fini_array    0x08003478        0x4 D:/STM/stm3/STM32CubeCLT_1.16.0/GNU-tools-for-STM32/bin/../lib/gcc/arm-none-eabi/12.3.1/thumb/v7e-m/nofp/crtbegin.o
                0x0800347c                        PROVIDE (__fini_array_end = .)
                0x0800347c                        . = ALIGN (0x4)
                0x0800347c                        _sidata = LOADADDR (.data)

.rel.dyn        0x0800347c        0x0
 .rel.iplt      0x0800347c        0x0 D:/STM/stm3/STM32CubeCLT_1.16.0/GNU-tools-for-STM32/bin/../lib/gcc/arm-none-eabi/12.3.1/thumb/v7e-m/nofp/crtbegin.o

.data           0x20000000      0x134 load address 0x0800347c
                0x20000000                        . = ALIGN (0x4)
                0x20000000                        _sdata = .
 *(.data)
 *(.data*)
 .data.SystemCoreClock
                0x20000000        0x4 CMakeFiles/can_try.elf.dir/Core/Src/system_stm32f4xx.c.obj
                0x20000000                SystemCoreClock
 .data.uwTickFreq
                0x20000004        0x1 CMakeFiles/can_try.elf.dir/Drivers/STM32F4xx_HAL_Driver/Src/stm32f4xx_hal.c.obj
                0x20000004                uwTickFreq
 *fill*         0x20000005        0x3 
 .data.uwTickPrio
                0x20000008        0x4 CMakeFiles/can_try.elf.dir/Drivers/STM32F4xx_HAL_Driver/Src/stm32f4xx_hal.c.obj
                0x20000008                uwTickPrio
 .data._impure_ptr
                0x2000000c        0x4 D:/STM/stm3/STM32CubeCLT_1.16.0/GNU-tools-for-STM32/bin/../lib/gcc/arm-none-eabi/12.3.1/../../../../arm-none-eabi/lib/thumb/v7e-m/nofp\libg.a(libc_a-impure.o)
                0x2000000c                _impure_ptr
 .data._impure_data
                0x20000010      0x120 D:/STM/stm3/STM32CubeCLT_1.16.0/GNU-tools-for-STM32/bin/../lib/gcc/arm-none-eabi/12.3.1/../../../../arm-none-eabi/lib/thumb/v7e-m/nofp\libg.a(libc_a-impure.o)
                0x20000010                _impure_data
 .data.__atexit_recursive_mutex
                0x20000130        0x4 D:/STM/stm3/STM32CubeCLT_1.16.0/GNU-tools-for-STM32/bin/../lib/gcc/arm-none-eabi/12.3.1/../../../../arm-none-eabi/lib/thumb/v7e-m/nofp\libg.a(libc_a-__call_atexit.o)
                0x20000130                __atexit_recursive_mutex
 *(.RamFunc)
 *(.RamFunc*)
                0x20000134                        . = ALIGN (0x4)
                0x20000134                        _edata = .
                0x080035b0                        _siccmram = LOADADDR (.ccmram)

.igot.plt       0x20000134        0x0 load address 0x080035b0
 .igot.plt      0x20000134        0x0 D:/STM/stm3/STM32CubeCLT_1.16.0/GNU-tools-for-STM32/bin/../lib/gcc/arm-none-eabi/12.3.1/thumb/v7e-m/nofp/crtbegin.o

.ccmram         0x10000000        0x0 load address 0x080035b0
                0x10000000                        . = ALIGN (0x4)
                0x10000000                        _sccmram = .
 *(.ccmram)
 *(.ccmram*)
                0x10000000                        . = ALIGN (0x4)
                0x10000000                        _eccmram = .
                0x10000000                        . = ALIGN (0x4)

.bss            0x20000134      0x3ac
                0x20000134                        _sbss = .
                0x20000134                        __bss_start__ = _sbss
 *(.bss)
 .bss           0x20000134       0x1c D:/STM/stm3/STM32CubeCLT_1.16.0/GNU-tools-for-STM32/bin/../lib/gcc/arm-none-eabi/12.3.1/thumb/v7e-m/nofp/crtbegin.o
 *(.bss*)
 .bss.hcan1     0x20000150       0x28 CMakeFiles/can_try.elf.dir/Core/Src/can.c.obj
                0x20000150                hcan1
 .bss.htim1     0x20000178       0x48 CMakeFiles/can_try.elf.dir/Core/Src/tim.c.obj
                0x20000178                htim1
 .bss.uwTick    0x200001c0        0x4 CMakeFiles/can_try.elf.dir/Drivers/STM32F4xx_HAL_Driver/Src/stm32f4xx_hal.c.obj
                0x200001c0                uwTick
 .bss.rx_buf    0x200001c4        0x8 CMakeFiles/can_try.elf.dir/User/callback.cpp.obj
                0x200001c4                rx_buf
 .bss.can_Rx    0x200001cc       0x1c CMakeFiles/can_try.elf.dir/User/callback.cpp.obj
                0x200001cc                can_Rx
 .bss.motor1    0x200001e8       0x24 CMakeFiles/can_try.elf.dir/User/control.cpp.obj
                0x200001e8                motor1
 .bss.__sf      0x2000020c      0x138 D:/STM/stm3/STM32CubeCLT_1.16.0/GNU-tools-for-STM32/bin/../lib/gcc/arm-none-eabi/12.3.1/../../../../arm-none-eabi/lib/thumb/v7e-m/nofp\libg.a(libc_a-findfp.o)
                0x2000020c                __sf
 .bss.errno     0x20000344        0x4 D:/STM/stm3/STM32CubeCLT_1.16.0/GNU-tools-for-STM32/bin/../lib/gcc/arm-none-eabi/12.3.1/../../../../arm-none-eabi/lib/thumb/v7e-m/nofp\libg.a(libc_a-reent.o)
                0x20000344                errno
 .bss.__lock___atexit_recursive_mutex
                0x20000348        0x1 D:/STM/stm3/STM32CubeCLT_1.16.0/GNU-tools-for-STM32/bin/../lib/gcc/arm-none-eabi/12.3.1/../../../../arm-none-eabi/lib/thumb/v7e-m/nofp\libg.a(libc_a-lock.o)
                0x20000348                __lock___atexit_recursive_mutex
 *fill*         0x20000349        0x3 
 .bss.__atexit  0x2000034c        0x4 D:/STM/stm3/STM32CubeCLT_1.16.0/GNU-tools-for-STM32/bin/../lib/gcc/arm-none-eabi/12.3.1/../../../../arm-none-eabi/lib/thumb/v7e-m/nofp\libg.a(libc_a-__call_atexit.o)
                0x2000034c                __atexit
 .bss.__atexit0
                0x20000350      0x190 D:/STM/stm3/STM32CubeCLT_1.16.0/GNU-tools-for-STM32/bin/../lib/gcc/arm-none-eabi/12.3.1/../../../../arm-none-eabi/lib/thumb/v7e-m/nofp\libg.a(libc_a-__atexit.o)
                0x20000350                __atexit0
 *(COMMON)
                0x200004e0                        . = ALIGN (0x4)
                0x200004e0                        _ebss = .
                0x200004e0                        __bss_end__ = _ebss

._user_heap_stack
                0x200004e0      0x600
                0x200004e0                        . = ALIGN (0x8)
                [!provide]                        PROVIDE (end = .)
                0x200004e0                        PROVIDE (_end = .)
                0x200006e0                        . = (. + _Min_Heap_Size)
 *fill*         0x200004e0      0x200 
                0x20000ae0                        . = (. + _Min_Stack_Size)
 *fill*         0x200006e0      0x400 
                0x20000ae0                        . = ALIGN (0x8)

/DISCARD/
 libc.a(*)
 libm.a(*)
 libgcc.a(*)

.ARM.attributes
                0x00000000       0x2a
 *(.ARM.attributes)
 .ARM.attributes
                0x00000000       0x1e D:/STM/stm3/STM32CubeCLT_1.16.0/GNU-tools-for-STM32/bin/../lib/gcc/arm-none-eabi/12.3.1/thumb/v7e-m/nofp/crti.o
 .ARM.attributes
                0x0000001e       0x2e D:/STM/stm3/STM32CubeCLT_1.16.0/GNU-tools-for-STM32/bin/../lib/gcc/arm-none-eabi/12.3.1/thumb/v7e-m/nofp/crtbegin.o
 .ARM.attributes
                0x0000004c       0x2e CMakeFiles/can_try.elf.dir/Core/Src/can.c.obj
 .ARM.attributes
                0x0000007a       0x2e CMakeFiles/can_try.elf.dir/Core/Src/gpio.c.obj
 .ARM.attributes
                0x000000a8       0x2e CMakeFiles/can_try.elf.dir/Core/Src/main.c.obj
 .ARM.attributes
                0x000000d6       0x2e CMakeFiles/can_try.elf.dir/Core/Src/stm32f4xx_hal_msp.c.obj
 .ARM.attributes
                0x00000104       0x2e CMakeFiles/can_try.elf.dir/Core/Src/stm32f4xx_it.c.obj
 .ARM.attributes
                0x00000132       0x2e CMakeFiles/can_try.elf.dir/Core/Src/system_stm32f4xx.c.obj
 .ARM.attributes
                0x00000160       0x2e CMakeFiles/can_try.elf.dir/Core/Src/tim.c.obj
 .ARM.attributes
                0x0000018e       0x21 CMakeFiles/can_try.elf.dir/Core/Startup/startup_stm32f427iihx.s.obj
 .ARM.attributes
                0x000001af       0x2e CMakeFiles/can_try.elf.dir/Drivers/STM32F4xx_HAL_Driver/Src/stm32f4xx_hal.c.obj
 .ARM.attributes
                0x000001dd       0x2e CMakeFiles/can_try.elf.dir/Drivers/STM32F4xx_HAL_Driver/Src/stm32f4xx_hal_can.c.obj
 .ARM.attributes
                0x0000020b       0x2e CMakeFiles/can_try.elf.dir/Drivers/STM32F4xx_HAL_Driver/Src/stm32f4xx_hal_cortex.c.obj
 .ARM.attributes
                0x00000239       0x2e CMakeFiles/can_try.elf.dir/Drivers/STM32F4xx_HAL_Driver/Src/stm32f4xx_hal_gpio.c.obj
 .ARM.attributes
                0x00000267       0x2e CMakeFiles/can_try.elf.dir/Drivers/STM32F4xx_HAL_Driver/Src/stm32f4xx_hal_rcc.c.obj
 .ARM.attributes
                0x00000295       0x2e CMakeFiles/can_try.elf.dir/Drivers/STM32F4xx_HAL_Driver/Src/stm32f4xx_hal_tim.c.obj
 .ARM.attributes
                0x000002c3       0x2e CMakeFiles/can_try.elf.dir/Drivers/STM32F4xx_HAL_Driver/Src/stm32f4xx_hal_tim_ex.c.obj
 .ARM.attributes
                0x000002f1       0x2e CMakeFiles/can_try.elf.dir/User/callback.cpp.obj
 .ARM.attributes
                0x0000031f       0x2e CMakeFiles/can_try.elf.dir/User/control.cpp.obj
 .ARM.attributes
                0x0000034d       0x1e D:/STM/stm3/STM32CubeCLT_1.16.0/GNU-tools-for-STM32/bin/../lib/gcc/arm-none-eabi/12.3.1/thumb/v7e-m/nofp\libgcc.a(_arm_mulsf3.o)
 .ARM.attributes
                0x0000036b       0x1e D:/STM/stm3/STM32CubeCLT_1.16.0/GNU-tools-for-STM32/bin/../lib/gcc/arm-none-eabi/12.3.1/thumb/v7e-m/nofp\libgcc.a(_arm_addsubsf3.o)
 .ARM.attributes
                0x00000389       0x1e D:/STM/stm3/STM32CubeCLT_1.16.0/GNU-tools-for-STM32/bin/../lib/gcc/arm-none-eabi/12.3.1/thumb/v7e-m/nofp\libgcc.a(_aeabi_uldivmod.o)
 .ARM.attributes
                0x000003a7       0x2e D:/STM/stm3/STM32CubeCLT_1.16.0/GNU-tools-for-STM32/bin/../lib/gcc/arm-none-eabi/12.3.1/thumb/v7e-m/nofp\libgcc.a(_udivmoddi4.o)
 .ARM.attributes
                0x000003d5       0x2e D:/STM/stm3/STM32CubeCLT_1.16.0/GNU-tools-for-STM32/bin/../lib/gcc/arm-none-eabi/12.3.1/thumb/v7e-m/nofp\libgcc.a(unwind-arm.o)
 .ARM.attributes
                0x00000403       0x1e D:/STM/stm3/STM32CubeCLT_1.16.0/GNU-tools-for-STM32/bin/../lib/gcc/arm-none-eabi/12.3.1/thumb/v7e-m/nofp\libgcc.a(libunwind.o)
 .ARM.attributes
                0x00000421       0x2e D:/STM/stm3/STM32CubeCLT_1.16.0/GNU-tools-for-STM32/bin/../lib/gcc/arm-none-eabi/12.3.1/thumb/v7e-m/nofp\libgcc.a(pr-support.o)
 .ARM.attributes
                0x0000044f       0x1e D:/STM/stm3/STM32CubeCLT_1.16.0/GNU-tools-for-STM32/bin/../lib/gcc/arm-none-eabi/12.3.1/thumb/v7e-m/nofp\libgcc.a(_dvmd_tls.o)
 .ARM.attributes
                0x0000046d       0x2e D:/STM/stm3/STM32CubeCLT_1.16.0/GNU-tools-for-STM32/bin/../lib/gcc/arm-none-eabi/12.3.1/../../../../arm-none-eabi/lib/thumb/v7e-m/nofp\libg.a(libc_a-abort.o)
 .ARM.attributes
                0x0000049b       0x2e D:/STM/stm3/STM32CubeCLT_1.16.0/GNU-tools-for-STM32/bin/../lib/gcc/arm-none-eabi/12.3.1/../../../../arm-none-eabi/lib/thumb/v7e-m/nofp\libg.a(libc_a-findfp.o)
 .ARM.attributes
                0x000004c9       0x2e D:/STM/stm3/STM32CubeCLT_1.16.0/GNU-tools-for-STM32/bin/../lib/gcc/arm-none-eabi/12.3.1/../../../../arm-none-eabi/lib/thumb/v7e-m/nofp\libg.a(libc_a-memset.o)
 .ARM.attributes
                0x000004f7       0x2e D:/STM/stm3/STM32CubeCLT_1.16.0/GNU-tools-for-STM32/bin/../lib/gcc/arm-none-eabi/12.3.1/../../../../arm-none-eabi/lib/thumb/v7e-m/nofp\libg.a(libc_a-signal.o)
 .ARM.attributes
                0x00000525       0x2e D:/STM/stm3/STM32CubeCLT_1.16.0/GNU-tools-for-STM32/bin/../lib/gcc/arm-none-eabi/12.3.1/../../../../arm-none-eabi/lib/thumb/v7e-m/nofp\libg.a(libc_a-reent.o)
 .ARM.attributes
                0x00000553       0x2e D:/STM/stm3/STM32CubeCLT_1.16.0/GNU-tools-for-STM32/bin/../lib/gcc/arm-none-eabi/12.3.1/../../../../arm-none-eabi/lib/thumb/v7e-m/nofp\libg.a(libc_a-impure.o)
 .ARM.attributes
                0x00000581       0x2e D:/STM/stm3/STM32CubeCLT_1.16.0/GNU-tools-for-STM32/bin/../lib/gcc/arm-none-eabi/12.3.1/../../../../arm-none-eabi/lib/thumb/v7e-m/nofp\libg.a(libc_a-signalr.o)
 .ARM.attributes
                0x000005af       0x2e D:/STM/stm3/STM32CubeCLT_1.16.0/GNU-tools-for-STM32/bin/../lib/gcc/arm-none-eabi/12.3.1/../../../../arm-none-eabi/lib/thumb/v7e-m/nofp\libg.a(libc_a-errno.o)
 .ARM.attributes
                0x000005dd       0x2e D:/STM/stm3/STM32CubeCLT_1.16.0/GNU-tools-for-STM32/bin/../lib/gcc/arm-none-eabi/12.3.1/../../../../arm-none-eabi/lib/thumb/v7e-m/nofp\libg.a(libc_a-init.o)
 .ARM.attributes
                0x0000060b       0x2e D:/STM/stm3/STM32CubeCLT_1.16.0/GNU-tools-for-STM32/bin/../lib/gcc/arm-none-eabi/12.3.1/../../../../arm-none-eabi/lib/thumb/v7e-m/nofp\libg.a(libc_a-lock.o)
 .ARM.attributes
                0x00000639       0x2e D:/STM/stm3/STM32CubeCLT_1.16.0/GNU-tools-for-STM32/bin/../lib/gcc/arm-none-eabi/12.3.1/../../../../arm-none-eabi/lib/thumb/v7e-m/nofp\libg.a(libc_a-memcpy-stub.o)
 .ARM.attributes
                0x00000667       0x2e D:/STM/stm3/STM32CubeCLT_1.16.0/GNU-tools-for-STM32/bin/../lib/gcc/arm-none-eabi/12.3.1/../../../../arm-none-eabi/lib/thumb/v7e-m/nofp\libg.a(libc_a-__call_atexit.o)
 .ARM.attributes
                0x00000695       0x2e D:/STM/stm3/STM32CubeCLT_1.16.0/GNU-tools-for-STM32/bin/../lib/gcc/arm-none-eabi/12.3.1/../../../../arm-none-eabi/lib/thumb/v7e-m/nofp\libg.a(libc_a-atexit.o)
 .ARM.attributes
                0x000006c3       0x2e D:/STM/stm3/STM32CubeCLT_1.16.0/GNU-tools-for-STM32/bin/../lib/gcc/arm-none-eabi/12.3.1/../../../../arm-none-eabi/lib/thumb/v7e-m/nofp\libg.a(libc_a-fini.o)
 .ARM.attributes
                0x000006f1       0x2e D:/STM/stm3/STM32CubeCLT_1.16.0/GNU-tools-for-STM32/bin/../lib/gcc/arm-none-eabi/12.3.1/../../../../arm-none-eabi/lib/thumb/v7e-m/nofp\libg.a(libc_a-__atexit.o)
 .ARM.attributes
                0x0000071f       0x1e D:/STM/stm3/STM32CubeCLT_1.16.0/GNU-tools-for-STM32/bin/../lib/gcc/arm-none-eabi/12.3.1/thumb/v7e-m/nofp/crtn.o
OUTPUT(can_try.elf elf32-littlearm)
LOAD linker stubs
LOAD D:/STM/stm3/STM32CubeCLT_1.16.0/GNU-tools-for-STM32/bin/../lib/gcc/arm-none-eabi/12.3.1/../../../../arm-none-eabi/lib/thumb/v7e-m/nofp\libc.a
LOAD D:/STM/stm3/STM32CubeCLT_1.16.0/GNU-tools-for-STM32/bin/../lib/gcc/arm-none-eabi/12.3.1/../../../../arm-none-eabi/lib/thumb/v7e-m/nofp\libm.a
LOAD D:/STM/stm3/STM32CubeCLT_1.16.0/GNU-tools-for-STM32/bin/../lib/gcc/arm-none-eabi/12.3.1/thumb/v7e-m/nofp\libgcc.a

.debug_info     0x00000000    0x1284a
 .debug_info    0x00000000      0xba0 CMakeFiles/can_try.elf.dir/Core/Src/can.c.obj
 .debug_info    0x00000ba0      0x298 CMakeFiles/can_try.elf.dir/Core/Src/gpio.c.obj
 .debug_info    0x00000e38      0x585 CMakeFiles/can_try.elf.dir/Core/Src/main.c.obj
 .debug_info    0x000013bd      0x27d CMakeFiles/can_try.elf.dir/Core/Src/stm32f4xx_hal_msp.c.obj
 .debug_info    0x0000163a      0xaec CMakeFiles/can_try.elf.dir/Core/Src/stm32f4xx_it.c.obj
 .debug_info    0x00002126      0x34c CMakeFiles/can_try.elf.dir/Core/Src/system_stm32f4xx.c.obj
 .debug_info    0x00002472      0xcfa CMakeFiles/can_try.elf.dir/Core/Src/tim.c.obj
 .debug_info    0x0000316c       0x30 CMakeFiles/can_try.elf.dir/Core/Startup/startup_stm32f427iihx.s.obj
 .debug_info    0x0000319c      0xa4c CMakeFiles/can_try.elf.dir/Drivers/STM32F4xx_HAL_Driver/Src/stm32f4xx_hal.c.obj
 .debug_info    0x00003be8     0x11f0 CMakeFiles/can_try.elf.dir/Drivers/STM32F4xx_HAL_Driver/Src/stm32f4xx_hal_can.c.obj
 .debug_info    0x00004dd8      0xfe5 CMakeFiles/can_try.elf.dir/Drivers/STM32F4xx_HAL_Driver/Src/stm32f4xx_hal_cortex.c.obj
 .debug_info    0x00005dbd      0x71c CMakeFiles/can_try.elf.dir/Drivers/STM32F4xx_HAL_Driver/Src/stm32f4xx_hal_gpio.c.obj
 .debug_info    0x000064d9      0xa85 CMakeFiles/can_try.elf.dir/Drivers/STM32F4xx_HAL_Driver/Src/stm32f4xx_hal_rcc.c.obj
 .debug_info    0x00006f5e     0x3be0 CMakeFiles/can_try.elf.dir/Drivers/STM32F4xx_HAL_Driver/Src/stm32f4xx_hal_tim.c.obj
 .debug_info    0x0000ab3e     0x1ac8 CMakeFiles/can_try.elf.dir/Drivers/STM32F4xx_HAL_Driver/Src/stm32f4xx_hal_tim_ex.c.obj
 .debug_info    0x0000c606      0xc5a CMakeFiles/can_try.elf.dir/User/callback.cpp.obj
 .debug_info    0x0000d260     0x10b1 CMakeFiles/can_try.elf.dir/User/control.cpp.obj
 .debug_info    0x0000e311       0xd8 D:/STM/stm3/STM32CubeCLT_1.16.0/GNU-tools-for-STM32/bin/../lib/gcc/arm-none-eabi/12.3.1/../../../../arm-none-eabi/lib/thumb/v7e-m/nofp\libg.a(libc_a-abort.o)
 .debug_info    0x0000e3e9      0xfc5 D:/STM/stm3/STM32CubeCLT_1.16.0/GNU-tools-for-STM32/bin/../lib/gcc/arm-none-eabi/12.3.1/../../../../arm-none-eabi/lib/thumb/v7e-m/nofp\libg.a(libc_a-findfp.o)
 .debug_info    0x0000f3ae       0xe0 D:/STM/stm3/STM32CubeCLT_1.16.0/GNU-tools-for-STM32/bin/../lib/gcc/arm-none-eabi/12.3.1/../../../../arm-none-eabi/lib/thumb/v7e-m/nofp\libg.a(libc_a-memset.o)
 .debug_info    0x0000f48e      0xa0d D:/STM/stm3/STM32CubeCLT_1.16.0/GNU-tools-for-STM32/bin/../lib/gcc/arm-none-eabi/12.3.1/../../../../arm-none-eabi/lib/thumb/v7e-m/nofp\libg.a(libc_a-signal.o)
 .debug_info    0x0000fe9b      0x7e7 D:/STM/stm3/STM32CubeCLT_1.16.0/GNU-tools-for-STM32/bin/../lib/gcc/arm-none-eabi/12.3.1/../../../../arm-none-eabi/lib/thumb/v7e-m/nofp\libg.a(libc_a-reent.o)
 .debug_info    0x00010682      0x733 D:/STM/stm3/STM32CubeCLT_1.16.0/GNU-tools-for-STM32/bin/../lib/gcc/arm-none-eabi/12.3.1/../../../../arm-none-eabi/lib/thumb/v7e-m/nofp\libg.a(libc_a-impure.o)
 .debug_info    0x00010db5      0x7fb D:/STM/stm3/STM32CubeCLT_1.16.0/GNU-tools-for-STM32/bin/../lib/gcc/arm-none-eabi/12.3.1/../../../../arm-none-eabi/lib/thumb/v7e-m/nofp\libg.a(libc_a-signalr.o)
 .debug_info    0x000115b0      0x719 D:/STM/stm3/STM32CubeCLT_1.16.0/GNU-tools-for-STM32/bin/../lib/gcc/arm-none-eabi/12.3.1/../../../../arm-none-eabi/lib/thumb/v7e-m/nofp\libg.a(libc_a-errno.o)
 .debug_info    0x00011cc9      0x10b D:/STM/stm3/STM32CubeCLT_1.16.0/GNU-tools-for-STM32/bin/../lib/gcc/arm-none-eabi/12.3.1/../../../../arm-none-eabi/lib/thumb/v7e-m/nofp\libg.a(libc_a-init.o)
 .debug_info    0x00011dd4      0x20a D:/STM/stm3/STM32CubeCLT_1.16.0/GNU-tools-for-STM32/bin/../lib/gcc/arm-none-eabi/12.3.1/../../../../arm-none-eabi/lib/thumb/v7e-m/nofp\libg.a(libc_a-lock.o)
 .debug_info    0x00011fde      0x121 D:/STM/stm3/STM32CubeCLT_1.16.0/GNU-tools-for-STM32/bin/../lib/gcc/arm-none-eabi/12.3.1/../../../../arm-none-eabi/lib/thumb/v7e-m/nofp\libg.a(libc_a-memcpy-stub.o)
 .debug_info    0x000120ff      0x2dd D:/STM/stm3/STM32CubeCLT_1.16.0/GNU-tools-for-STM32/bin/../lib/gcc/arm-none-eabi/12.3.1/../../../../arm-none-eabi/lib/thumb/v7e-m/nofp\libg.a(libc_a-__call_atexit.o)
 .debug_info    0x000123dc      0x118 D:/STM/stm3/STM32CubeCLT_1.16.0/GNU-tools-for-STM32/bin/../lib/gcc/arm-none-eabi/12.3.1/../../../../arm-none-eabi/lib/thumb/v7e-m/nofp\libg.a(libc_a-atexit.o)
 .debug_info    0x000124f4       0xf7 D:/STM/stm3/STM32CubeCLT_1.16.0/GNU-tools-for-STM32/bin/../lib/gcc/arm-none-eabi/12.3.1/../../../../arm-none-eabi/lib/thumb/v7e-m/nofp\libg.a(libc_a-fini.o)
 .debug_info    0x000125eb      0x25f D:/STM/stm3/STM32CubeCLT_1.16.0/GNU-tools-for-STM32/bin/../lib/gcc/arm-none-eabi/12.3.1/../../../../arm-none-eabi/lib/thumb/v7e-m/nofp\libg.a(libc_a-__atexit.o)

.debug_abbrev   0x00000000     0x3a34
 .debug_abbrev  0x00000000      0x23d CMakeFiles/can_try.elf.dir/Core/Src/can.c.obj
 .debug_abbrev  0x0000023d       0xd6 CMakeFiles/can_try.elf.dir/Core/Src/gpio.c.obj
 .debug_abbrev  0x00000313      0x200 CMakeFiles/can_try.elf.dir/Core/Src/main.c.obj
 .debug_abbrev  0x00000513       0xd6 CMakeFiles/can_try.elf.dir/Core/Src/stm32f4xx_hal_msp.c.obj
 .debug_abbrev  0x000005e9      0x1e3 CMakeFiles/can_try.elf.dir/Core/Src/stm32f4xx_it.c.obj
 .debug_abbrev  0x000007cc      0x120 CMakeFiles/can_try.elf.dir/Core/Src/system_stm32f4xx.c.obj
 .debug_abbrev  0x000008ec      0x220 CMakeFiles/can_try.elf.dir/Core/Src/tim.c.obj
 .debug_abbrev  0x00000b0c       0x24 CMakeFiles/can_try.elf.dir/Core/Startup/startup_stm32f427iihx.s.obj
 .debug_abbrev  0x00000b30      0x240 CMakeFiles/can_try.elf.dir/Drivers/STM32F4xx_HAL_Driver/Src/stm32f4xx_hal.c.obj
 .debug_abbrev  0x00000d70      0x27d CMakeFiles/can_try.elf.dir/Drivers/STM32F4xx_HAL_Driver/Src/stm32f4xx_hal_can.c.obj
 .debug_abbrev  0x00000fed      0x391 CMakeFiles/can_try.elf.dir/Drivers/STM32F4xx_HAL_Driver/Src/stm32f4xx_hal_cortex.c.obj
 .debug_abbrev  0x0000137e      0x202 CMakeFiles/can_try.elf.dir/Drivers/STM32F4xx_HAL_Driver/Src/stm32f4xx_hal_gpio.c.obj
 .debug_abbrev  0x00001580      0x2c7 CMakeFiles/can_try.elf.dir/Drivers/STM32F4xx_HAL_Driver/Src/stm32f4xx_hal_rcc.c.obj
 .debug_abbrev  0x00001847      0x271 CMakeFiles/can_try.elf.dir/Drivers/STM32F4xx_HAL_Driver/Src/stm32f4xx_hal_tim.c.obj
 .debug_abbrev  0x00001ab8      0x26f CMakeFiles/can_try.elf.dir/Drivers/STM32F4xx_HAL_Driver/Src/stm32f4xx_hal_tim_ex.c.obj
 .debug_abbrev  0x00001d27      0x214 CMakeFiles/can_try.elf.dir/User/callback.cpp.obj
 .debug_abbrev  0x00001f3b      0x394 CMakeFiles/can_try.elf.dir/User/control.cpp.obj
 .debug_abbrev  0x000022cf       0x99 D:/STM/stm3/STM32CubeCLT_1.16.0/GNU-tools-for-STM32/bin/../lib/gcc/arm-none-eabi/12.3.1/../../../../arm-none-eabi/lib/thumb/v7e-m/nofp\libg.a(libc_a-abort.o)
 .debug_abbrev  0x00002368      0x462 D:/STM/stm3/STM32CubeCLT_1.16.0/GNU-tools-for-STM32/bin/../lib/gcc/arm-none-eabi/12.3.1/../../../../arm-none-eabi/lib/thumb/v7e-m/nofp\libg.a(libc_a-findfp.o)
 .debug_abbrev  0x000027ca       0x9e D:/STM/stm3/STM32CubeCLT_1.16.0/GNU-tools-for-STM32/bin/../lib/gcc/arm-none-eabi/12.3.1/../../../../arm-none-eabi/lib/thumb/v7e-m/nofp\libg.a(libc_a-memset.o)
 .debug_abbrev  0x00002868      0x28a D:/STM/stm3/STM32CubeCLT_1.16.0/GNU-tools-for-STM32/bin/../lib/gcc/arm-none-eabi/12.3.1/../../../../arm-none-eabi/lib/thumb/v7e-m/nofp\libg.a(libc_a-signal.o)
 .debug_abbrev  0x00002af2      0x229 D:/STM/stm3/STM32CubeCLT_1.16.0/GNU-tools-for-STM32/bin/../lib/gcc/arm-none-eabi/12.3.1/../../../../arm-none-eabi/lib/thumb/v7e-m/nofp\libg.a(libc_a-reent.o)
 .debug_abbrev  0x00002d1b      0x185 D:/STM/stm3/STM32CubeCLT_1.16.0/GNU-tools-for-STM32/bin/../lib/gcc/arm-none-eabi/12.3.1/../../../../arm-none-eabi/lib/thumb/v7e-m/nofp\libg.a(libc_a-impure.o)
 .debug_abbrev  0x00002ea0      0x239 D:/STM/stm3/STM32CubeCLT_1.16.0/GNU-tools-for-STM32/bin/../lib/gcc/arm-none-eabi/12.3.1/../../../../arm-none-eabi/lib/thumb/v7e-m/nofp\libg.a(libc_a-signalr.o)
 .debug_abbrev  0x000030d9      0x19a D:/STM/stm3/STM32CubeCLT_1.16.0/GNU-tools-for-STM32/bin/../lib/gcc/arm-none-eabi/12.3.1/../../../../arm-none-eabi/lib/thumb/v7e-m/nofp\libg.a(libc_a-errno.o)
 .debug_abbrev  0x00003273       0xc9 D:/STM/stm3/STM32CubeCLT_1.16.0/GNU-tools-for-STM32/bin/../lib/gcc/arm-none-eabi/12.3.1/../../../../arm-none-eabi/lib/thumb/v7e-m/nofp\libg.a(libc_a-init.o)
 .debug_abbrev  0x0000333c      0x115 D:/STM/stm3/STM32CubeCLT_1.16.0/GNU-tools-for-STM32/bin/../lib/gcc/arm-none-eabi/12.3.1/../../../../arm-none-eabi/lib/thumb/v7e-m/nofp\libg.a(libc_a-lock.o)
 .debug_abbrev  0x00003451       0xc1 D:/STM/stm3/STM32CubeCLT_1.16.0/GNU-tools-for-STM32/bin/../lib/gcc/arm-none-eabi/12.3.1/../../../../arm-none-eabi/lib/thumb/v7e-m/nofp\libg.a(libc_a-memcpy-stub.o)
 .debug_abbrev  0x00003512      0x20c D:/STM/stm3/STM32CubeCLT_1.16.0/GNU-tools-for-STM32/bin/../lib/gcc/arm-none-eabi/12.3.1/../../../../arm-none-eabi/lib/thumb/v7e-m/nofp\libg.a(libc_a-__call_atexit.o)
 .debug_abbrev  0x0000371e       0xc1 D:/STM/stm3/STM32CubeCLT_1.16.0/GNU-tools-for-STM32/bin/../lib/gcc/arm-none-eabi/12.3.1/../../../../arm-none-eabi/lib/thumb/v7e-m/nofp\libg.a(libc_a-atexit.o)
 .debug_abbrev  0x000037df       0xcc D:/STM/stm3/STM32CubeCLT_1.16.0/GNU-tools-for-STM32/bin/../lib/gcc/arm-none-eabi/12.3.1/../../../../arm-none-eabi/lib/thumb/v7e-m/nofp\libg.a(libc_a-fini.o)
 .debug_abbrev  0x000038ab      0x189 D:/STM/stm3/STM32CubeCLT_1.16.0/GNU-tools-for-STM32/bin/../lib/gcc/arm-none-eabi/12.3.1/../../../../arm-none-eabi/lib/thumb/v7e-m/nofp\libg.a(libc_a-__atexit.o)

.debug_loclists
                0x00000000     0x661a
 .debug_loclists
                0x00000000       0x5c CMakeFiles/can_try.elf.dir/Core/Src/can.c.obj
 .debug_loclists
                0x0000005c       0xdb CMakeFiles/can_try.elf.dir/Core/Src/system_stm32f4xx.c.obj
 .debug_loclists
                0x00000137       0x4b CMakeFiles/can_try.elf.dir/Core/Src/tim.c.obj
 .debug_loclists
                0x00000182       0xc9 CMakeFiles/can_try.elf.dir/Drivers/STM32F4xx_HAL_Driver/Src/stm32f4xx_hal.c.obj
 .debug_loclists
                0x0000024b      0x85b CMakeFiles/can_try.elf.dir/Drivers/STM32F4xx_HAL_Driver/Src/stm32f4xx_hal_can.c.obj
 .debug_loclists
                0x00000aa6      0x439 CMakeFiles/can_try.elf.dir/Drivers/STM32F4xx_HAL_Driver/Src/stm32f4xx_hal_cortex.c.obj
 .debug_loclists
                0x00000edf      0x356 CMakeFiles/can_try.elf.dir/Drivers/STM32F4xx_HAL_Driver/Src/stm32f4xx_hal_gpio.c.obj
 .debug_loclists
                0x00001235      0x3a9 CMakeFiles/can_try.elf.dir/Drivers/STM32F4xx_HAL_Driver/Src/stm32f4xx_hal_rcc.c.obj
 .debug_loclists
                0x000015de     0x3331 CMakeFiles/can_try.elf.dir/Drivers/STM32F4xx_HAL_Driver/Src/stm32f4xx_hal_tim.c.obj
 .debug_loclists
                0x0000490f     0x129a CMakeFiles/can_try.elf.dir/Drivers/STM32F4xx_HAL_Driver/Src/stm32f4xx_hal_tim_ex.c.obj
 .debug_loclists
                0x00005ba9       0x4b CMakeFiles/can_try.elf.dir/User/callback.cpp.obj
 .debug_loclists
                0x00005bf4      0x166 CMakeFiles/can_try.elf.dir/User/control.cpp.obj
 .debug_loclists
                0x00005d5a      0x252 D:/STM/stm3/STM32CubeCLT_1.16.0/GNU-tools-for-STM32/bin/../lib/gcc/arm-none-eabi/12.3.1/../../../../arm-none-eabi/lib/thumb/v7e-m/nofp\libg.a(libc_a-findfp.o)
 .debug_loclists
                0x00005fac       0x47 D:/STM/stm3/STM32CubeCLT_1.16.0/GNU-tools-for-STM32/bin/../lib/gcc/arm-none-eabi/12.3.1/../../../../arm-none-eabi/lib/thumb/v7e-m/nofp\libg.a(libc_a-memset.o)
 .debug_loclists
                0x00005ff3      0x281 D:/STM/stm3/STM32CubeCLT_1.16.0/GNU-tools-for-STM32/bin/../lib/gcc/arm-none-eabi/12.3.1/../../../../arm-none-eabi/lib/thumb/v7e-m/nofp\libg.a(libc_a-signal.o)
 .debug_loclists
                0x00006274       0x68 D:/STM/stm3/STM32CubeCLT_1.16.0/GNU-tools-for-STM32/bin/../lib/gcc/arm-none-eabi/12.3.1/../../../../arm-none-eabi/lib/thumb/v7e-m/nofp\libg.a(libc_a-reent.o)
 .debug_loclists
                0x000062dc       0x81 D:/STM/stm3/STM32CubeCLT_1.16.0/GNU-tools-for-STM32/bin/../lib/gcc/arm-none-eabi/12.3.1/../../../../arm-none-eabi/lib/thumb/v7e-m/nofp\libg.a(libc_a-signalr.o)
 .debug_loclists
                0x0000635d       0x44 D:/STM/stm3/STM32CubeCLT_1.16.0/GNU-tools-for-STM32/bin/../lib/gcc/arm-none-eabi/12.3.1/../../../../arm-none-eabi/lib/thumb/v7e-m/nofp\libg.a(libc_a-init.o)
 .debug_loclists
                0x000063a1       0x23 D:/STM/stm3/STM32CubeCLT_1.16.0/GNU-tools-for-STM32/bin/../lib/gcc/arm-none-eabi/12.3.1/../../../../arm-none-eabi/lib/thumb/v7e-m/nofp\libg.a(libc_a-lock.o)
 .debug_loclists
                0x000063c4       0x8f D:/STM/stm3/STM32CubeCLT_1.16.0/GNU-tools-for-STM32/bin/../lib/gcc/arm-none-eabi/12.3.1/../../../../arm-none-eabi/lib/thumb/v7e-m/nofp\libg.a(libc_a-memcpy-stub.o)
 .debug_loclists
                0x00006453       0xd4 D:/STM/stm3/STM32CubeCLT_1.16.0/GNU-tools-for-STM32/bin/../lib/gcc/arm-none-eabi/12.3.1/../../../../arm-none-eabi/lib/thumb/v7e-m/nofp\libg.a(libc_a-__call_atexit.o)
 .debug_loclists
                0x00006527       0x2a D:/STM/stm3/STM32CubeCLT_1.16.0/GNU-tools-for-STM32/bin/../lib/gcc/arm-none-eabi/12.3.1/../../../../arm-none-eabi/lib/thumb/v7e-m/nofp\libg.a(libc_a-atexit.o)
 .debug_loclists
                0x00006551       0x3b D:/STM/stm3/STM32CubeCLT_1.16.0/GNU-tools-for-STM32/bin/../lib/gcc/arm-none-eabi/12.3.1/../../../../arm-none-eabi/lib/thumb/v7e-m/nofp\libg.a(libc_a-fini.o)
 .debug_loclists
                0x0000658c       0x8e D:/STM/stm3/STM32CubeCLT_1.16.0/GNU-tools-for-STM32/bin/../lib/gcc/arm-none-eabi/12.3.1/../../../../arm-none-eabi/lib/thumb/v7e-m/nofp\libg.a(libc_a-__atexit.o)

.debug_aranges  0x00000000      0xdf0
 .debug_aranges
                0x00000000       0x30 CMakeFiles/can_try.elf.dir/Core/Src/can.c.obj
 .debug_aranges
                0x00000030       0x20 CMakeFiles/can_try.elf.dir/Core/Src/gpio.c.obj
 .debug_aranges
                0x00000050       0x30 CMakeFiles/can_try.elf.dir/Core/Src/main.c.obj
 .debug_aranges
                0x00000080       0x20 CMakeFiles/can_try.elf.dir/Core/Src/stm32f4xx_hal_msp.c.obj
 .debug_aranges
                0x000000a0       0x70 CMakeFiles/can_try.elf.dir/Core/Src/stm32f4xx_it.c.obj
 .debug_aranges
                0x00000110       0x28 CMakeFiles/can_try.elf.dir/Core/Src/system_stm32f4xx.c.obj
 .debug_aranges
                0x00000138       0x30 CMakeFiles/can_try.elf.dir/Core/Src/tim.c.obj
 .debug_aranges
                0x00000168       0x28 CMakeFiles/can_try.elf.dir/Core/Startup/startup_stm32f427iihx.s.obj
 .debug_aranges
                0x00000190      0x100 CMakeFiles/can_try.elf.dir/Drivers/STM32F4xx_HAL_Driver/Src/stm32f4xx_hal.c.obj
 .debug_aranges
                0x00000290      0x138 CMakeFiles/can_try.elf.dir/Drivers/STM32F4xx_HAL_Driver/Src/stm32f4xx_hal_can.c.obj
 .debug_aranges
                0x000003c8       0xf8 CMakeFiles/can_try.elf.dir/Drivers/STM32F4xx_HAL_Driver/Src/stm32f4xx_hal_cortex.c.obj
 .debug_aranges
                0x000004c0       0x58 CMakeFiles/can_try.elf.dir/Drivers/STM32F4xx_HAL_Driver/Src/stm32f4xx_hal_gpio.c.obj
 .debug_aranges
                0x00000518       0x88 CMakeFiles/can_try.elf.dir/Drivers/STM32F4xx_HAL_Driver/Src/stm32f4xx_hal_rcc.c.obj
 .debug_aranges
                0x000005a0      0x3d0 CMakeFiles/can_try.elf.dir/Drivers/STM32F4xx_HAL_Driver/Src/stm32f4xx_hal_tim.c.obj
 .debug_aranges
                0x00000970      0x168 CMakeFiles/can_try.elf.dir/Drivers/STM32F4xx_HAL_Driver/Src/stm32f4xx_hal_tim_ex.c.obj
 .debug_aranges
                0x00000ad8       0x28 CMakeFiles/can_try.elf.dir/User/callback.cpp.obj
 .debug_aranges
                0x00000b00       0x30 CMakeFiles/can_try.elf.dir/User/control.cpp.obj
 .debug_aranges
                0x00000b30       0x20 D:/STM/stm3/STM32CubeCLT_1.16.0/GNU-tools-for-STM32/bin/../lib/gcc/arm-none-eabi/12.3.1/../../../../arm-none-eabi/lib/thumb/v7e-m/nofp\libg.a(libc_a-abort.o)
 .debug_aranges
                0x00000b50       0x78 D:/STM/stm3/STM32CubeCLT_1.16.0/GNU-tools-for-STM32/bin/../lib/gcc/arm-none-eabi/12.3.1/../../../../arm-none-eabi/lib/thumb/v7e-m/nofp\libg.a(libc_a-findfp.o)
 .debug_aranges
                0x00000bc8       0x20 D:/STM/stm3/STM32CubeCLT_1.16.0/GNU-tools-for-STM32/bin/../lib/gcc/arm-none-eabi/12.3.1/../../../../arm-none-eabi/lib/thumb/v7e-m/nofp\libg.a(libc_a-memset.o)
 .debug_aranges
                0x00000be8       0x58 D:/STM/stm3/STM32CubeCLT_1.16.0/GNU-tools-for-STM32/bin/../lib/gcc/arm-none-eabi/12.3.1/../../../../arm-none-eabi/lib/thumb/v7e-m/nofp\libg.a(libc_a-signal.o)
 .debug_aranges
                0x00000c40       0x20 D:/STM/stm3/STM32CubeCLT_1.16.0/GNU-tools-for-STM32/bin/../lib/gcc/arm-none-eabi/12.3.1/../../../../arm-none-eabi/lib/thumb/v7e-m/nofp\libg.a(libc_a-reent.o)
 .debug_aranges
                0x00000c60       0x18 D:/STM/stm3/STM32CubeCLT_1.16.0/GNU-tools-for-STM32/bin/../lib/gcc/arm-none-eabi/12.3.1/../../../../arm-none-eabi/lib/thumb/v7e-m/nofp\libg.a(libc_a-impure.o)
 .debug_aranges
                0x00000c78       0x28 D:/STM/stm3/STM32CubeCLT_1.16.0/GNU-tools-for-STM32/bin/../lib/gcc/arm-none-eabi/12.3.1/../../../../arm-none-eabi/lib/thumb/v7e-m/nofp\libg.a(libc_a-signalr.o)
 .debug_aranges
                0x00000ca0       0x20 D:/STM/stm3/STM32CubeCLT_1.16.0/GNU-tools-for-STM32/bin/../lib/gcc/arm-none-eabi/12.3.1/../../../../arm-none-eabi/lib/thumb/v7e-m/nofp\libg.a(libc_a-errno.o)
 .debug_aranges
                0x00000cc0       0x20 D:/STM/stm3/STM32CubeCLT_1.16.0/GNU-tools-for-STM32/bin/../lib/gcc/arm-none-eabi/12.3.1/../../../../arm-none-eabi/lib/thumb/v7e-m/nofp\libg.a(libc_a-init.o)
 .debug_aranges
                0x00000ce0       0x68 D:/STM/stm3/STM32CubeCLT_1.16.0/GNU-tools-for-STM32/bin/../lib/gcc/arm-none-eabi/12.3.1/../../../../arm-none-eabi/lib/thumb/v7e-m/nofp\libg.a(libc_a-lock.o)
 .debug_aranges
                0x00000d48       0x20 D:/STM/stm3/STM32CubeCLT_1.16.0/GNU-tools-for-STM32/bin/../lib/gcc/arm-none-eabi/12.3.1/../../../../arm-none-eabi/lib/thumb/v7e-m/nofp\libg.a(libc_a-memcpy-stub.o)
 .debug_aranges
                0x00000d68       0x28 D:/STM/stm3/STM32CubeCLT_1.16.0/GNU-tools-for-STM32/bin/../lib/gcc/arm-none-eabi/12.3.1/../../../../arm-none-eabi/lib/thumb/v7e-m/nofp\libg.a(libc_a-__call_atexit.o)
 .debug_aranges
                0x00000d90       0x20 D:/STM/stm3/STM32CubeCLT_1.16.0/GNU-tools-for-STM32/bin/../lib/gcc/arm-none-eabi/12.3.1/../../../../arm-none-eabi/lib/thumb/v7e-m/nofp\libg.a(libc_a-atexit.o)
 .debug_aranges
                0x00000db0       0x20 D:/STM/stm3/STM32CubeCLT_1.16.0/GNU-tools-for-STM32/bin/../lib/gcc/arm-none-eabi/12.3.1/../../../../arm-none-eabi/lib/thumb/v7e-m/nofp\libg.a(libc_a-fini.o)
 .debug_aranges
                0x00000dd0       0x20 D:/STM/stm3/STM32CubeCLT_1.16.0/GNU-tools-for-STM32/bin/../lib/gcc/arm-none-eabi/12.3.1/../../../../arm-none-eabi/lib/thumb/v7e-m/nofp\libg.a(libc_a-__atexit.o)

.debug_rnglists
                0x00000000      0xa7c
 .debug_rnglists
                0x00000000       0x1f CMakeFiles/can_try.elf.dir/Core/Src/can.c.obj
 .debug_rnglists
                0x0000001f       0x13 CMakeFiles/can_try.elf.dir/Core/Src/gpio.c.obj
 .debug_rnglists
                0x00000032       0x20 CMakeFiles/can_try.elf.dir/Core/Src/main.c.obj
 .debug_rnglists
                0x00000052       0x13 CMakeFiles/can_try.elf.dir/Core/Src/stm32f4xx_hal_msp.c.obj
 .debug_rnglists
                0x00000065       0x4f CMakeFiles/can_try.elf.dir/Core/Src/stm32f4xx_it.c.obj
 .debug_rnglists
                0x000000b4       0x1a CMakeFiles/can_try.elf.dir/Core/Src/system_stm32f4xx.c.obj
 .debug_rnglists
                0x000000ce       0x1f CMakeFiles/can_try.elf.dir/Core/Src/tim.c.obj
 .debug_rnglists
                0x000000ed       0x19 CMakeFiles/can_try.elf.dir/Core/Startup/startup_stm32f427iihx.s.obj
 .debug_rnglists
                0x00000106       0xbb CMakeFiles/can_try.elf.dir/Drivers/STM32F4xx_HAL_Driver/Src/stm32f4xx_hal.c.obj
 .debug_rnglists
                0x000001c1       0xf6 CMakeFiles/can_try.elf.dir/Drivers/STM32F4xx_HAL_Driver/Src/stm32f4xx_hal_can.c.obj
 .debug_rnglists
                0x000002b7       0xb5 CMakeFiles/can_try.elf.dir/Drivers/STM32F4xx_HAL_Driver/Src/stm32f4xx_hal_cortex.c.obj
 .debug_rnglists
                0x0000036c       0x3f CMakeFiles/can_try.elf.dir/Drivers/STM32F4xx_HAL_Driver/Src/stm32f4xx_hal_gpio.c.obj
 .debug_rnglists
                0x000003ab       0x75 CMakeFiles/can_try.elf.dir/Drivers/STM32F4xx_HAL_Driver/Src/stm32f4xx_hal_rcc.c.obj
 .debug_rnglists
                0x00000420      0x302 CMakeFiles/can_try.elf.dir/Drivers/STM32F4xx_HAL_Driver/Src/stm32f4xx_hal_tim.c.obj
 .debug_rnglists
                0x00000722      0x11b CMakeFiles/can_try.elf.dir/Drivers/STM32F4xx_HAL_Driver/Src/stm32f4xx_hal_tim_ex.c.obj
 .debug_rnglists
                0x0000083d       0x19 CMakeFiles/can_try.elf.dir/User/callback.cpp.obj
 .debug_rnglists
                0x00000856       0x1f CMakeFiles/can_try.elf.dir/User/control.cpp.obj
 .debug_rnglists
                0x00000875       0x13 D:/STM/stm3/STM32CubeCLT_1.16.0/GNU-tools-for-STM32/bin/../lib/gcc/arm-none-eabi/12.3.1/../../../../arm-none-eabi/lib/thumb/v7e-m/nofp\libg.a(libc_a-abort.o)
 .debug_rnglists
                0x00000888       0x7a D:/STM/stm3/STM32CubeCLT_1.16.0/GNU-tools-for-STM32/bin/../lib/gcc/arm-none-eabi/12.3.1/../../../../arm-none-eabi/lib/thumb/v7e-m/nofp\libg.a(libc_a-findfp.o)
 .debug_rnglists
                0x00000902       0x13 D:/STM/stm3/STM32CubeCLT_1.16.0/GNU-tools-for-STM32/bin/../lib/gcc/arm-none-eabi/12.3.1/../../../../arm-none-eabi/lib/thumb/v7e-m/nofp\libg.a(libc_a-memset.o)
 .debug_rnglists
                0x00000915       0x3d D:/STM/stm3/STM32CubeCLT_1.16.0/GNU-tools-for-STM32/bin/../lib/gcc/arm-none-eabi/12.3.1/../../../../arm-none-eabi/lib/thumb/v7e-m/nofp\libg.a(libc_a-signal.o)
 .debug_rnglists
                0x00000952       0x2b D:/STM/stm3/STM32CubeCLT_1.16.0/GNU-tools-for-STM32/bin/../lib/gcc/arm-none-eabi/12.3.1/../../../../arm-none-eabi/lib/thumb/v7e-m/nofp\libg.a(libc_a-reent.o)
 .debug_rnglists
                0x0000097d       0x19 D:/STM/stm3/STM32CubeCLT_1.16.0/GNU-tools-for-STM32/bin/../lib/gcc/arm-none-eabi/12.3.1/../../../../arm-none-eabi/lib/thumb/v7e-m/nofp\libg.a(libc_a-signalr.o)
 .debug_rnglists
                0x00000996       0x13 D:/STM/stm3/STM32CubeCLT_1.16.0/GNU-tools-for-STM32/bin/../lib/gcc/arm-none-eabi/12.3.1/../../../../arm-none-eabi/lib/thumb/v7e-m/nofp\libg.a(libc_a-errno.o)
 .debug_rnglists
                0x000009a9       0x13 D:/STM/stm3/STM32CubeCLT_1.16.0/GNU-tools-for-STM32/bin/../lib/gcc/arm-none-eabi/12.3.1/../../../../arm-none-eabi/lib/thumb/v7e-m/nofp\libg.a(libc_a-init.o)
 .debug_rnglists
                0x000009bc       0x49 D:/STM/stm3/STM32CubeCLT_1.16.0/GNU-tools-for-STM32/bin/../lib/gcc/arm-none-eabi/12.3.1/../../../../arm-none-eabi/lib/thumb/v7e-m/nofp\libg.a(libc_a-lock.o)
 .debug_rnglists
                0x00000a05       0x13 D:/STM/stm3/STM32CubeCLT_1.16.0/GNU-tools-for-STM32/bin/../lib/gcc/arm-none-eabi/12.3.1/../../../../arm-none-eabi/lib/thumb/v7e-m/nofp\libg.a(libc_a-memcpy-stub.o)
 .debug_rnglists
                0x00000a18       0x2a D:/STM/stm3/STM32CubeCLT_1.16.0/GNU-tools-for-STM32/bin/../lib/gcc/arm-none-eabi/12.3.1/../../../../arm-none-eabi/lib/thumb/v7e-m/nofp\libg.a(libc_a-__call_atexit.o)
 .debug_rnglists
                0x00000a42       0x13 D:/STM/stm3/STM32CubeCLT_1.16.0/GNU-tools-for-STM32/bin/../lib/gcc/arm-none-eabi/12.3.1/../../../../arm-none-eabi/lib/thumb/v7e-m/nofp\libg.a(libc_a-atexit.o)
 .debug_rnglists
                0x00000a55       0x13 D:/STM/stm3/STM32CubeCLT_1.16.0/GNU-tools-for-STM32/bin/../lib/gcc/arm-none-eabi/12.3.1/../../../../arm-none-eabi/lib/thumb/v7e-m/nofp\libg.a(libc_a-fini.o)
 .debug_rnglists
                0x00000a68       0x14 D:/STM/stm3/STM32CubeCLT_1.16.0/GNU-tools-for-STM32/bin/../lib/gcc/arm-none-eabi/12.3.1/../../../../arm-none-eabi/lib/thumb/v7e-m/nofp\libg.a(libc_a-__atexit.o)

.debug_line     0x00000000     0xd9c5
 .debug_line    0x00000000      0x3ab CMakeFiles/can_try.elf.dir/Core/Src/can.c.obj
 .debug_line    0x000003ab      0x1dd CMakeFiles/can_try.elf.dir/Core/Src/gpio.c.obj
 .debug_line    0x00000588      0x404 CMakeFiles/can_try.elf.dir/Core/Src/main.c.obj
 .debug_line    0x0000098c      0x1e5 CMakeFiles/can_try.elf.dir/Core/Src/stm32f4xx_hal_msp.c.obj
 .debug_line    0x00000b71      0x3ae CMakeFiles/can_try.elf.dir/Core/Src/stm32f4xx_it.c.obj
 .debug_line    0x00000f1f      0x2ad CMakeFiles/can_try.elf.dir/Core/Src/system_stm32f4xx.c.obj
 .debug_line    0x000011cc      0x392 CMakeFiles/can_try.elf.dir/Core/Src/tim.c.obj
 .debug_line    0x0000155e       0x7a CMakeFiles/can_try.elf.dir/Core/Startup/startup_stm32f427iihx.s.obj
 .debug_line    0x000015d8      0x655 CMakeFiles/can_try.elf.dir/Drivers/STM32F4xx_HAL_Driver/Src/stm32f4xx_hal.c.obj
 .debug_line    0x00001c2d     0x11e1 CMakeFiles/can_try.elf.dir/Drivers/STM32F4xx_HAL_Driver/Src/stm32f4xx_hal_can.c.obj
 .debug_line    0x00002e0e      0x90a CMakeFiles/can_try.elf.dir/Drivers/STM32F4xx_HAL_Driver/Src/stm32f4xx_hal_cortex.c.obj
 .debug_line    0x00003718      0x775 CMakeFiles/can_try.elf.dir/Drivers/STM32F4xx_HAL_Driver/Src/stm32f4xx_hal_gpio.c.obj
 .debug_line    0x00003e8d      0xbde CMakeFiles/can_try.elf.dir/Drivers/STM32F4xx_HAL_Driver/Src/stm32f4xx_hal_rcc.c.obj
 .debug_line    0x00004a6b     0x4b1b CMakeFiles/can_try.elf.dir/Drivers/STM32F4xx_HAL_Driver/Src/stm32f4xx_hal_tim.c.obj
 .debug_line    0x00009586     0x1db4 CMakeFiles/can_try.elf.dir/Drivers/STM32F4xx_HAL_Driver/Src/stm32f4xx_hal_tim_ex.c.obj
 .debug_line    0x0000b33a      0x2c0 CMakeFiles/can_try.elf.dir/User/callback.cpp.obj
 .debug_line    0x0000b5fa      0x3d8 CMakeFiles/can_try.elf.dir/User/control.cpp.obj
 .debug_line    0x0000b9d2      0x167 D:/STM/stm3/STM32CubeCLT_1.16.0/GNU-tools-for-STM32/bin/../lib/gcc/arm-none-eabi/12.3.1/../../../../arm-none-eabi/lib/thumb/v7e-m/nofp\libg.a(libc_a-abort.o)
 .debug_line    0x0000bb39      0x596 D:/STM/stm3/STM32CubeCLT_1.16.0/GNU-tools-for-STM32/bin/../lib/gcc/arm-none-eabi/12.3.1/../../../../arm-none-eabi/lib/thumb/v7e-m/nofp\libg.a(libc_a-findfp.o)
 .debug_line    0x0000c0cf      0x17e D:/STM/stm3/STM32CubeCLT_1.16.0/GNU-tools-for-STM32/bin/../lib/gcc/arm-none-eabi/12.3.1/../../../../arm-none-eabi/lib/thumb/v7e-m/nofp\libg.a(libc_a-memset.o)
 .debug_line    0x0000c24d      0x44b D:/STM/stm3/STM32CubeCLT_1.16.0/GNU-tools-for-STM32/bin/../lib/gcc/arm-none-eabi/12.3.1/../../../../arm-none-eabi/lib/thumb/v7e-m/nofp\libg.a(libc_a-signal.o)
 .debug_line    0x0000c698      0x263 D:/STM/stm3/STM32CubeCLT_1.16.0/GNU-tools-for-STM32/bin/../lib/gcc/arm-none-eabi/12.3.1/../../../../arm-none-eabi/lib/thumb/v7e-m/nofp\libg.a(libc_a-reent.o)
 .debug_line    0x0000c8fb      0x163 D:/STM/stm3/STM32CubeCLT_1.16.0/GNU-tools-for-STM32/bin/../lib/gcc/arm-none-eabi/12.3.1/../../../../arm-none-eabi/lib/thumb/v7e-m/nofp\libg.a(libc_a-impure.o)
 .debug_line    0x0000ca5e      0x24c D:/STM/stm3/STM32CubeCLT_1.16.0/GNU-tools-for-STM32/bin/../lib/gcc/arm-none-eabi/12.3.1/../../../../arm-none-eabi/lib/thumb/v7e-m/nofp\libg.a(libc_a-signalr.o)
 .debug_line    0x0000ccaa      0x185 D:/STM/stm3/STM32CubeCLT_1.16.0/GNU-tools-for-STM32/bin/../lib/gcc/arm-none-eabi/12.3.1/../../../../arm-none-eabi/lib/thumb/v7e-m/nofp\libg.a(libc_a-errno.o)
 .debug_line    0x0000ce2f      0x188 D:/STM/stm3/STM32CubeCLT_1.16.0/GNU-tools-for-STM32/bin/../lib/gcc/arm-none-eabi/12.3.1/../../../../arm-none-eabi/lib/thumb/v7e-m/nofp\libg.a(libc_a-init.o)
 .debug_line    0x0000cfb7      0x19b D:/STM/stm3/STM32CubeCLT_1.16.0/GNU-tools-for-STM32/bin/../lib/gcc/arm-none-eabi/12.3.1/../../../../arm-none-eabi/lib/thumb/v7e-m/nofp\libg.a(libc_a-lock.o)
 .debug_line    0x0000d152      0x202 D:/STM/stm3/STM32CubeCLT_1.16.0/GNU-tools-for-STM32/bin/../lib/gcc/arm-none-eabi/12.3.1/../../../../arm-none-eabi/lib/thumb/v7e-m/nofp\libg.a(libc_a-memcpy-stub.o)
 .debug_line    0x0000d354      0x28a D:/STM/stm3/STM32CubeCLT_1.16.0/GNU-tools-for-STM32/bin/../lib/gcc/arm-none-eabi/12.3.1/../../../../arm-none-eabi/lib/thumb/v7e-m/nofp\libg.a(libc_a-__call_atexit.o)
 .debug_line    0x0000d5de      0x102 D:/STM/stm3/STM32CubeCLT_1.16.0/GNU-tools-for-STM32/bin/../lib/gcc/arm-none-eabi/12.3.1/../../../../arm-none-eabi/lib/thumb/v7e-m/nofp\libg.a(libc_a-atexit.o)
 .debug_line    0x0000d6e0      0x140 D:/STM/stm3/STM32CubeCLT_1.16.0/GNU-tools-for-STM32/bin/../lib/gcc/arm-none-eabi/12.3.1/../../../../arm-none-eabi/lib/thumb/v7e-m/nofp\libg.a(libc_a-fini.o)
 .debug_line    0x0000d820      0x1a5 D:/STM/stm3/STM32CubeCLT_1.16.0/GNU-tools-for-STM32/bin/../lib/gcc/arm-none-eabi/12.3.1/../../../../arm-none-eabi/lib/thumb/v7e-m/nofp\libg.a(libc_a-__atexit.o)

.debug_str      0x00000000     0x4d13
 .debug_str     0x00000000      0xab3 CMakeFiles/can_try.elf.dir/Core/Src/can.c.obj
                                0xbd3 (size before relaxing)
 .debug_str     0x00000ab3       0x31 CMakeFiles/can_try.elf.dir/Core/Src/gpio.c.obj
                                0x2d8 (size before relaxing)
 .debug_str     0x00000ae4      0x1bd CMakeFiles/can_try.elf.dir/Core/Src/main.c.obj
                                0x4dd (size before relaxing)
 .debug_str     0x00000ca1       0x3d CMakeFiles/can_try.elf.dir/Core/Src/stm32f4xx_hal_msp.c.obj
                                0x2e4 (size before relaxing)
 .debug_str     0x00000cde      0x4ea CMakeFiles/can_try.elf.dir/Core/Src/stm32f4xx_it.c.obj
                                0xa32 (size before relaxing)
 .debug_str     0x000011c8       0x98 CMakeFiles/can_try.elf.dir/Core/Src/system_stm32f4xx.c.obj
                                0x34a (size before relaxing)
 .debug_str     0x00001260      0x14d CMakeFiles/can_try.elf.dir/Core/Src/tim.c.obj
                                0xefb (size before relaxing)
 .debug_str     0x000013ad       0x55 CMakeFiles/can_try.elf.dir/Core/Startup/startup_stm32f427iihx.s.obj
                                 0x87 (size before relaxing)
 .debug_str     0x00001402      0x378 CMakeFiles/can_try.elf.dir/Drivers/STM32F4xx_HAL_Driver/Src/stm32f4xx_hal.c.obj
                                0xc15 (size before relaxing)
 .debug_str     0x0000177a      0x52d CMakeFiles/can_try.elf.dir/Drivers/STM32F4xx_HAL_Driver/Src/stm32f4xx_hal_can.c.obj
                                0xa4b (size before relaxing)
 .debug_str     0x00001ca7      0x4cc CMakeFiles/can_try.elf.dir/Drivers/STM32F4xx_HAL_Driver/Src/stm32f4xx_hal_cortex.c.obj
                                0xcd8 (size before relaxing)
 .debug_str     0x00002173      0x167 CMakeFiles/can_try.elf.dir/Drivers/STM32F4xx_HAL_Driver/Src/stm32f4xx_hal_gpio.c.obj
                                0x509 (size before relaxing)
 .debug_str     0x000022da      0x1aa CMakeFiles/can_try.elf.dir/Drivers/STM32F4xx_HAL_Driver/Src/stm32f4xx_hal_rcc.c.obj
                                0x72f (size before relaxing)
 .debug_str     0x00002484      0xecb CMakeFiles/can_try.elf.dir/Drivers/STM32F4xx_HAL_Driver/Src/stm32f4xx_hal_tim.c.obj
                               0x1715 (size before relaxing)
 .debug_str     0x0000334f      0x4ff CMakeFiles/can_try.elf.dir/Drivers/STM32F4xx_HAL_Driver/Src/stm32f4xx_hal_tim_ex.c.obj
                                0xf21 (size before relaxing)
 .debug_str     0x0000384e      0x308 CMakeFiles/can_try.elf.dir/User/callback.cpp.obj
                                0xcc3 (size before relaxing)
 .debug_str     0x00003b56      0x276 CMakeFiles/can_try.elf.dir/User/control.cpp.obj
                                0xfb6 (size before relaxing)
 .debug_str     0x00003dcc      0x174 D:/STM/stm3/STM32CubeCLT_1.16.0/GNU-tools-for-STM32/bin/../lib/gcc/arm-none-eabi/12.3.1/../../../../arm-none-eabi/lib/thumb/v7e-m/nofp\libg.a(libc_a-abort.o)
                                0x209 (size before relaxing)
 .debug_str     0x00003f40      0x584 D:/STM/stm3/STM32CubeCLT_1.16.0/GNU-tools-for-STM32/bin/../lib/gcc/arm-none-eabi/12.3.1/../../../../arm-none-eabi/lib/thumb/v7e-m/nofp\libg.a(libc_a-findfp.o)
                                0x79e (size before relaxing)
 .debug_str     0x000044c4       0x5a D:/STM/stm3/STM32CubeCLT_1.16.0/GNU-tools-for-STM32/bin/../lib/gcc/arm-none-eabi/12.3.1/../../../../arm-none-eabi/lib/thumb/v7e-m/nofp\libg.a(libc_a-memset.o)
                                0x206 (size before relaxing)
 .debug_str     0x0000451e       0xcc D:/STM/stm3/STM32CubeCLT_1.16.0/GNU-tools-for-STM32/bin/../lib/gcc/arm-none-eabi/12.3.1/../../../../arm-none-eabi/lib/thumb/v7e-m/nofp\libg.a(libc_a-signal.o)
                                0x59d (size before relaxing)
 .debug_str     0x000045ea       0x7f D:/STM/stm3/STM32CubeCLT_1.16.0/GNU-tools-for-STM32/bin/../lib/gcc/arm-none-eabi/12.3.1/../../../../arm-none-eabi/lib/thumb/v7e-m/nofp\libg.a(libc_a-reent.o)
                                0x535 (size before relaxing)
 .debug_str     0x00004669       0x59 D:/STM/stm3/STM32CubeCLT_1.16.0/GNU-tools-for-STM32/bin/../lib/gcc/arm-none-eabi/12.3.1/../../../../arm-none-eabi/lib/thumb/v7e-m/nofp\libg.a(libc_a-impure.o)
                                0x51b (size before relaxing)
 .debug_str     0x000046c2       0x70 D:/STM/stm3/STM32CubeCLT_1.16.0/GNU-tools-for-STM32/bin/../lib/gcc/arm-none-eabi/12.3.1/../../../../arm-none-eabi/lib/thumb/v7e-m/nofp\libg.a(libc_a-signalr.o)
                                0x532 (size before relaxing)
 .debug_str     0x00004732       0x60 D:/STM/stm3/STM32CubeCLT_1.16.0/GNU-tools-for-STM32/bin/../lib/gcc/arm-none-eabi/12.3.1/../../../../arm-none-eabi/lib/thumb/v7e-m/nofp\libg.a(libc_a-errno.o)
                                0x510 (size before relaxing)
 .debug_str     0x00004792       0xb6 D:/STM/stm3/STM32CubeCLT_1.16.0/GNU-tools-for-STM32/bin/../lib/gcc/arm-none-eabi/12.3.1/../../../../arm-none-eabi/lib/thumb/v7e-m/nofp\libg.a(libc_a-init.o)
                                0x267 (size before relaxing)
 .debug_str     0x00004848      0x1d7 D:/STM/stm3/STM32CubeCLT_1.16.0/GNU-tools-for-STM32/bin/../lib/gcc/arm-none-eabi/12.3.1/../../../../arm-none-eabi/lib/thumb/v7e-m/nofp\libg.a(libc_a-lock.o)
                                0x379 (size before relaxing)
 .debug_str     0x00004a1f       0x7f D:/STM/stm3/STM32CubeCLT_1.16.0/GNU-tools-for-STM32/bin/../lib/gcc/arm-none-eabi/12.3.1/../../../../arm-none-eabi/lib/thumb/v7e-m/nofp\libg.a(libc_a-memcpy-stub.o)
                                0x224 (size before relaxing)
 .debug_str     0x00004a9e       0xf2 D:/STM/stm3/STM32CubeCLT_1.16.0/GNU-tools-for-STM32/bin/../lib/gcc/arm-none-eabi/12.3.1/../../../../arm-none-eabi/lib/thumb/v7e-m/nofp\libg.a(libc_a-__call_atexit.o)
                                0x343 (size before relaxing)
 .debug_str     0x00004b90       0x9e D:/STM/stm3/STM32CubeCLT_1.16.0/GNU-tools-for-STM32/bin/../lib/gcc/arm-none-eabi/12.3.1/../../../../arm-none-eabi/lib/thumb/v7e-m/nofp\libg.a(libc_a-atexit.o)
                                0x243 (size before relaxing)
 .debug_str     0x00004c2e       0x7a D:/STM/stm3/STM32CubeCLT_1.16.0/GNU-tools-for-STM32/bin/../lib/gcc/arm-none-eabi/12.3.1/../../../../arm-none-eabi/lib/thumb/v7e-m/nofp\libg.a(libc_a-fini.o)
                                0x23d (size before relaxing)
 .debug_str     0x00004ca8       0x6b D:/STM/stm3/STM32CubeCLT_1.16.0/GNU-tools-for-STM32/bin/../lib/gcc/arm-none-eabi/12.3.1/../../../../arm-none-eabi/lib/thumb/v7e-m/nofp\libg.a(libc_a-__atexit.o)
                                0x31a (size before relaxing)

.comment        0x00000000       0x43
 .comment       0x00000000       0x43 CMakeFiles/can_try.elf.dir/Core/Src/can.c.obj
                                 0x44 (size before relaxing)
 .comment       0x00000043       0x44 CMakeFiles/can_try.elf.dir/Core/Src/gpio.c.obj
 .comment       0x00000043       0x44 CMakeFiles/can_try.elf.dir/Core/Src/main.c.obj
 .comment       0x00000043       0x44 CMakeFiles/can_try.elf.dir/Core/Src/stm32f4xx_hal_msp.c.obj
 .comment       0x00000043       0x44 CMakeFiles/can_try.elf.dir/Core/Src/stm32f4xx_it.c.obj
 .comment       0x00000043       0x44 CMakeFiles/can_try.elf.dir/Core/Src/system_stm32f4xx.c.obj
 .comment       0x00000043       0x44 CMakeFiles/can_try.elf.dir/Core/Src/tim.c.obj
 .comment       0x00000043       0x44 CMakeFiles/can_try.elf.dir/Drivers/STM32F4xx_HAL_Driver/Src/stm32f4xx_hal.c.obj
 .comment       0x00000043       0x44 CMakeFiles/can_try.elf.dir/Drivers/STM32F4xx_HAL_Driver/Src/stm32f4xx_hal_can.c.obj
 .comment       0x00000043       0x44 CMakeFiles/can_try.elf.dir/Drivers/STM32F4xx_HAL_Driver/Src/stm32f4xx_hal_cortex.c.obj
 .comment       0x00000043       0x44 CMakeFiles/can_try.elf.dir/Drivers/STM32F4xx_HAL_Driver/Src/stm32f4xx_hal_gpio.c.obj
 .comment       0x00000043       0x44 CMakeFiles/can_try.elf.dir/Drivers/STM32F4xx_HAL_Driver/Src/stm32f4xx_hal_rcc.c.obj
 .comment       0x00000043       0x44 CMakeFiles/can_try.elf.dir/Drivers/STM32F4xx_HAL_Driver/Src/stm32f4xx_hal_tim.c.obj
 .comment       0x00000043       0x44 CMakeFiles/can_try.elf.dir/Drivers/STM32F4xx_HAL_Driver/Src/stm32f4xx_hal_tim_ex.c.obj
 .comment       0x00000043       0x44 CMakeFiles/can_try.elf.dir/User/callback.cpp.obj
 .comment       0x00000043       0x44 CMakeFiles/can_try.elf.dir/User/control.cpp.obj
 .comment       0x00000043       0x44 D:/STM/stm3/STM32CubeCLT_1.16.0/GNU-tools-for-STM32/bin/../lib/gcc/arm-none-eabi/12.3.1/../../../../arm-none-eabi/lib/thumb/v7e-m/nofp\libg.a(libc_a-abort.o)
 .comment       0x00000043       0x44 D:/STM/stm3/STM32CubeCLT_1.16.0/GNU-tools-for-STM32/bin/../lib/gcc/arm-none-eabi/12.3.1/../../../../arm-none-eabi/lib/thumb/v7e-m/nofp\libg.a(libc_a-findfp.o)
 .comment       0x00000043       0x44 D:/STM/stm3/STM32CubeCLT_1.16.0/GNU-tools-for-STM32/bin/../lib/gcc/arm-none-eabi/12.3.1/../../../../arm-none-eabi/lib/thumb/v7e-m/nofp\libg.a(libc_a-memset.o)
 .comment       0x00000043       0x44 D:/STM/stm3/STM32CubeCLT_1.16.0/GNU-tools-for-STM32/bin/../lib/gcc/arm-none-eabi/12.3.1/../../../../arm-none-eabi/lib/thumb/v7e-m/nofp\libg.a(libc_a-signal.o)
 .comment       0x00000043       0x44 D:/STM/stm3/STM32CubeCLT_1.16.0/GNU-tools-for-STM32/bin/../lib/gcc/arm-none-eabi/12.3.1/../../../../arm-none-eabi/lib/thumb/v7e-m/nofp\libg.a(libc_a-reent.o)
 .comment       0x00000043       0x44 D:/STM/stm3/STM32CubeCLT_1.16.0/GNU-tools-for-STM32/bin/../lib/gcc/arm-none-eabi/12.3.1/../../../../arm-none-eabi/lib/thumb/v7e-m/nofp\libg.a(libc_a-impure.o)
 .comment       0x00000043       0x44 D:/STM/stm3/STM32CubeCLT_1.16.0/GNU-tools-for-STM32/bin/../lib/gcc/arm-none-eabi/12.3.1/../../../../arm-none-eabi/lib/thumb/v7e-m/nofp\libg.a(libc_a-signalr.o)
 .comment       0x00000043       0x44 D:/STM/stm3/STM32CubeCLT_1.16.0/GNU-tools-for-STM32/bin/../lib/gcc/arm-none-eabi/12.3.1/../../../../arm-none-eabi/lib/thumb/v7e-m/nofp\libg.a(libc_a-errno.o)
 .comment       0x00000043       0x44 D:/STM/stm3/STM32CubeCLT_1.16.0/GNU-tools-for-STM32/bin/../lib/gcc/arm-none-eabi/12.3.1/../../../../arm-none-eabi/lib/thumb/v7e-m/nofp\libg.a(libc_a-init.o)
 .comment       0x00000043       0x44 D:/STM/stm3/STM32CubeCLT_1.16.0/GNU-tools-for-STM32/bin/../lib/gcc/arm-none-eabi/12.3.1/../../../../arm-none-eabi/lib/thumb/v7e-m/nofp\libg.a(libc_a-lock.o)
 .comment       0x00000043       0x44 D:/STM/stm3/STM32CubeCLT_1.16.0/GNU-tools-for-STM32/bin/../lib/gcc/arm-none-eabi/12.3.1/../../../../arm-none-eabi/lib/thumb/v7e-m/nofp\libg.a(libc_a-memcpy-stub.o)
 .comment       0x00000043       0x44 D:/STM/stm3/STM32CubeCLT_1.16.0/GNU-tools-for-STM32/bin/../lib/gcc/arm-none-eabi/12.3.1/../../../../arm-none-eabi/lib/thumb/v7e-m/nofp\libg.a(libc_a-__call_atexit.o)
 .comment       0x00000043       0x44 D:/STM/stm3/STM32CubeCLT_1.16.0/GNU-tools-for-STM32/bin/../lib/gcc/arm-none-eabi/12.3.1/../../../../arm-none-eabi/lib/thumb/v7e-m/nofp\libg.a(libc_a-atexit.o)
 .comment       0x00000043       0x44 D:/STM/stm3/STM32CubeCLT_1.16.0/GNU-tools-for-STM32/bin/../lib/gcc/arm-none-eabi/12.3.1/../../../../arm-none-eabi/lib/thumb/v7e-m/nofp\libg.a(libc_a-fini.o)
 .comment       0x00000043       0x44 D:/STM/stm3/STM32CubeCLT_1.16.0/GNU-tools-for-STM32/bin/../lib/gcc/arm-none-eabi/12.3.1/../../../../arm-none-eabi/lib/thumb/v7e-m/nofp\libg.a(libc_a-__atexit.o)

.debug_frame    0x00000000     0x24cc
 .debug_frame   0x00000000       0x60 CMakeFiles/can_try.elf.dir/Core/Src/can.c.obj
 .debug_frame   0x00000060       0x28 CMakeFiles/can_try.elf.dir/Core/Src/gpio.c.obj